Component: Arm Compiler for Embedded 6.22 Tool: armlink [5ee90200]

==============================================================================

Section Cross References

    startup_stm32f103xb.o(RESET) refers to startup_stm32f103xb.o(STACK) for __initial_sp
    startup_stm32f103xb.o(RESET) refers to startup_stm32f103xb.o(.text) for Reset_Handler
    startup_stm32f103xb.o(RESET) refers to stm32f1xx_it.o(.text.NMI_Handler) for NMI_Handler
    startup_stm32f103xb.o(RESET) refers to stm32f1xx_it.o(.text.HardFault_Handler) for HardFault_Handler
    startup_stm32f103xb.o(RESET) refers to stm32f1xx_it.o(.text.MemManage_Handler) for MemManage_Handler
    startup_stm32f103xb.o(RESET) refers to stm32f1xx_it.o(.text.BusFault_Handler) for BusFault_Handler
    startup_stm32f103xb.o(RESET) refers to stm32f1xx_it.o(.text.UsageFault_Handler) for UsageFault_Handler
    startup_stm32f103xb.o(RESET) refers to stm32f1xx_it.o(.text.SVC_Handler) for SVC_Handler
    startup_stm32f103xb.o(RESET) refers to stm32f1xx_it.o(.text.DebugMon_Handler) for DebugMon_Handler
    startup_stm32f103xb.o(RESET) refers to stm32f1xx_it.o(.text.PendSV_Handler) for PendSV_Handler
    startup_stm32f103xb.o(RESET) refers to stm32f1xx_it.o(.text.SysTick_Handler) for SysTick_Handler
    startup_stm32f103xb.o(RESET) refers to stm32f1xx_it.o(.text.DMA1_Channel2_IRQHandler) for DMA1_Channel2_IRQHandler
    startup_stm32f103xb.o(RESET) refers to stm32f1xx_it.o(.text.DMA1_Channel3_IRQHandler) for DMA1_Channel3_IRQHandler
    startup_stm32f103xb.o(RESET) refers to stm32f1xx_it.o(.text.DMA1_Channel6_IRQHandler) for DMA1_Channel6_IRQHandler
    startup_stm32f103xb.o(RESET) refers to stm32f1xx_it.o(.text.EXTI9_5_IRQHandler) for EXTI9_5_IRQHandler
    startup_stm32f103xb.o(RESET) refers to stm32f1xx_it.o(.text.TIM1_BRK_IRQHandler) for TIM1_BRK_IRQHandler
    startup_stm32f103xb.o(RESET) refers to stm32f1xx_it.o(.text.TIM1_UP_IRQHandler) for TIM1_UP_IRQHandler
    startup_stm32f103xb.o(RESET) refers to stm32f1xx_it.o(.text.TIM1_TRG_COM_IRQHandler) for TIM1_TRG_COM_IRQHandler
    startup_stm32f103xb.o(RESET) refers to stm32f1xx_it.o(.text.TIM1_CC_IRQHandler) for TIM1_CC_IRQHandler
    startup_stm32f103xb.o(RESET) refers to stm32f1xx_it.o(.text.TIM3_IRQHandler) for TIM3_IRQHandler
    startup_stm32f103xb.o(RESET) refers to stm32f1xx_it.o(.text.TIM4_IRQHandler) for TIM4_IRQHandler
    startup_stm32f103xb.o(RESET) refers to stm32f1xx_it.o(.text.I2C1_EV_IRQHandler) for I2C1_EV_IRQHandler
    startup_stm32f103xb.o(RESET) refers to stm32f1xx_it.o(.text.I2C1_ER_IRQHandler) for I2C1_ER_IRQHandler
    startup_stm32f103xb.o(RESET) refers to stm32f1xx_it.o(.text.USART1_IRQHandler) for USART1_IRQHandler
    startup_stm32f103xb.o(RESET) refers to stm32f1xx_it.o(.text.USART2_IRQHandler) for USART2_IRQHandler
    startup_stm32f103xb.o(RESET) refers to stm32f1xx_it.o(.text.USART3_IRQHandler) for USART3_IRQHandler
    startup_stm32f103xb.o(.text) refers to system_stm32f1xx.o(.text.SystemInit) for SystemInit
    startup_stm32f103xb.o(.text) refers to entry.o(.ARM.Collect$$$$00000000) for __main
    main.o(.text.main) refers to stm32f1xx_hal.o(.text.HAL_Init) for HAL_Init
    main.o(.text.main) refers to stm32f1xx_hal_rcc.o(.text.HAL_RCC_OscConfig) for HAL_RCC_OscConfig
    main.o(.text.main) refers to stm32f1xx_hal_rcc.o(.text.HAL_RCC_ClockConfig) for HAL_RCC_ClockConfig
    main.o(.text.main) refers to stm32f1xx_hal_rcc_ex.o(.text.HAL_RCCEx_PeriphCLKConfig) for HAL_RCCEx_PeriphCLKConfig
    main.o(.text.main) refers to gpio.o(.text.MX_GPIO_Init) for MX_GPIO_Init
    main.o(.text.main) refers to dma.o(.text.MX_DMA_Init) for MX_DMA_Init
    main.o(.text.main) refers to adc.o(.text.MX_ADC1_Init) for MX_ADC1_Init
    main.o(.text.main) refers to i2c.o(.text.MX_I2C1_Init) for MX_I2C1_Init
    main.o(.text.main) refers to rtc.o(.text.MX_RTC_Init) for MX_RTC_Init
    main.o(.text.main) refers to tim.o(.text.MX_TIM1_Init) for MX_TIM1_Init
    main.o(.text.main) refers to tim.o(.text.MX_TIM3_Init) for MX_TIM3_Init
    main.o(.text.main) refers to tim.o(.text.MX_TIM4_Init) for MX_TIM4_Init
    main.o(.text.main) refers to usart.o(.text.MX_USART1_UART_Init) for MX_USART1_UART_Init
    main.o(.text.main) refers to usart.o(.text.MX_USART2_UART_Init) for MX_USART2_UART_Init
    main.o(.text.main) refers to usart.o(.text.MX_USART3_UART_Init) for MX_USART3_UART_Init
    main.o(.text.main) refers to mpu6050.o(.text.MPU_Init) for MPU_Init
    main.o(.text.main) refers to puts.o(i.puts) for puts
    main.o(.text.main) refers to inv_mpu.o(.text.mpu_dmp_init) for mpu_dmp_init
    main.o(.text.main) refers to motor.o(.text.MOTOR_INIT) for MOTOR_INIT
    main.o(.text.main) refers to motor.o(.text.MOTOR_ADVANCE) for MOTOR_ADVANCE
    main.o(.text.main) refers to motor.o(.text.MOTOR_SPEEN) for MOTOR_SPEEN
    main.o(.text.main) refers to inv_mpu.o(.text.mpu_dmp_get_data) for mpu_dmp_get_data
    main.o(.text.main) refers to mpu6050.o(.text.MPU_Get_Accelerometer) for MPU_Get_Accelerometer
[...]
    [Anonymous Symbol]                       0x08004ad0   Section        0  mpu6050.o(.text.MPU_Get_Gyroscope)
    [Anonymous Symbol]                       0x08004b14   Section        0  mpu6050.o(.text.MPU_Get_Temperature)
    [Anonymous Symbol]                       0x08004b68   Section        0  mpu6050.o(.text.MPU_Init)
    [Anonymous Symbol]                       0x08004c3c   Section        0  mpu6050.o(.text.MPU_Read_Len)
    [Anonymous Symbol]                       0x08004cac   Section        0  mpu6050.o(.text.MPU_Write_Byte)
    [Anonymous Symbol]                       0x08004cf0   Section        0  mpu6050.o(.text.MPU_Write_Len)
    [Anonymous Symbol]                       0x08004d48   Section        0  adc.o(.text.MX_ADC1_Init)
    [Anonymous Symbol]                       0x08004da0   Section        0  dma.o(.text.MX_DMA_Init)
    [Anonymous Symbol]                       0x08004df4   Section        0  gpio.o(.text.MX_GPIO_Init)
    [Anonymous Symbol]                       0x08004ec4   Section        0  i2c.o(.text.MX_I2C1_Init)
    [Anonymous Symbol]                       0x08004f08   Section        0  rtc.o(.text.MX_RTC_Init)
    [Anonymous Symbol]                       0x08004f38   Section        0  tim.o(.text.MX_TIM1_Init)
    [Anonymous Symbol]                       0x08005094   Section        0  tim.o(.text.MX_TIM3_Init)
    [Anonymous Symbol]                       0x080050fc   Section        0  tim.o(.text.MX_TIM4_Init)
    [Anonymous Symbol]                       0x08005164   Section        0  usart.o(.text.MX_USART1_UART_Init)
    [Anonymous Symbol]                       0x080051a0   Section        0  usart.o(.text.MX_USART2_UART_Init)
    [Anonymous Symbol]                       0x080051dc   Section        0  usart.o(.text.MX_USART3_UART_Init)
    [Anonymous Symbol]                       0x08005218   Section        0  stm32f1xx_it.o(.text.MemManage_Handler)
    [Anonymous Symbol]                       0x0800521c   Section        0  stm32f1xx_it.o(.text.NMI_Handler)
    [Anonymous Symbol]                       0x08005220   Section        0  stm32f1xx_it.o(.text.PendSV_Handler)
    [Anonymous Symbol]                       0x08005224   Section        0  stm32f1xx_it.o(.text.SVC_Handler)
    [Anonymous Symbol]                       0x08005228   Section        0  stm32f1xx_it.o(.text.SysTick_Handler)
    [Anonymous Symbol]                       0x0800522c   Section        0  system_stm32f1xx.o(.text.SystemInit)
    [Anonymous Symbol]                       0x08005230   Section        0  stm32f1xx_it.o(.text.TIM1_BRK_IRQHandler)
    [Anonymous Symbol]                       0x0800523c   Section        0  stm32f1xx_it.o(.text.TIM1_CC_IRQHandler)
    [Anonymous Symbol]                       0x08005248   Section        0  stm32f1xx_it.o(.text.TIM1_TRG_COM_IRQHandler)
    [Anonymous Symbol]                       0x08005254   Section        0  stm32f1xx_it.o(.text.TIM1_UP_IRQHandler)
    [Anonymous Symbol]                       0x08005260   Section        0  stm32f1xx_it.o(.text.TIM3_IRQHandler)
    [Anonymous Symbol]                       0x0800526c   Section        0  stm32f1xx_it.o(.text.TIM4_IRQHandler)
    UART_DMAAbortOnError                     0x08005279   Thumb Code    12  stm32f1xx_hal_uart.o(.text.UART_DMAAbortOnError)
    [Anonymous Symbol]                       0x08005278   Section        0  stm32f1xx_hal_uart.o(.text.UART_DMAAbortOnError)
    UART_Receive_IT                          0x08005285   Thumb Code   254  stm32f1xx_hal_uart.o(.text.UART_Receive_IT)
    [Anonymous Symbol]                       0x08005284   Section        0  stm32f1xx_hal_uart.o(.text.UART_Receive_IT)
    [Anonymous Symbol]                       0x08005384   Section        0  stm32f1xx_it.o(.text.USART1_IRQHandler)
    [Anonymous Symbol]                       0x08005390   Section        0  stm32f1xx_it.o(.text.USART2_IRQHandler)
    [Anonymous Symbol]                       0x0800539c   Section        0  stm32f1xx_it.o(.text.USART3_IRQHandler)
    [Anonymous Symbol]                       0x080053a8   Section        0  stm32f1xx_it.o(.text.UsageFault_Handler)
    [Anonymous Symbol]                       0x080053ac   Section        0  inv_mpu_dmp_motion_driver.o(.text.dmp_enable_feature)
    [Anonymous Symbol]                       0x0800564c   Section        0  inv_mpu_dmp_motion_driver.o(.text.dmp_load_motion_driver_firmware)
    [Anonymous Symbol]                       0x08005664   Section        0  inv_mpu_dmp_motion_driver.o(.text.dmp_read_fifo)
    [Anonymous Symbol]                       0x0800581c   Section        0  inv_mpu_dmp_motion_driver.o(.text.dmp_set_accel_bias)
    [Anonymous Symbol]                       0x080058dc   Section        0  inv_mpu_dmp_motion_driver.o(.text.dmp_set_fifo_rate)
    [Anonymous Symbol]                       0x0800594c   Section        0  inv_mpu_dmp_motion_driver.o(.text.dmp_set_gyro_bias)
    [Anonymous Symbol]                       0x08005a2c   Section        0  inv_mpu_dmp_motion_driver.o(.text.dmp_set_orientation)
    [Anonymous Symbol]                       0x08005b14   Section        0  inv_mpu_dmp_motion_driver.o(.text.dmp_set_tap_thresh)
    [Anonymous Symbol]                       0x08005c3c   Section        0  usart.o(.text.fputc)
    get_st_biases                            0x08005c5d   Thumb Code   814  inv_mpu.o(.text.get_st_biases)
    [Anonymous Symbol]                       0x08005c5c   Section        0  inv_mpu.o(.text.get_st_biases)
    [Anonymous Symbol]                       0x08005f8c   Section        0  inv_mpu.o(.text.inv_orientation_matrix_to_scalar)
    [Anonymous Symbol]                       0x08006068   Section        0  main.o(.text.main)
    [Anonymous Symbol]                       0x08006218   Section        0  inv_mpu.o(.text.mget_ms)
    [Anonymous Symbol]                       0x0800621c   Section        0  inv_mpu.o(.text.mpu_configure_fifo)
    [Anonymous Symbol]                       0x080062c4   Section        0  inv_mpu.o(.text.mpu_dmp_get_data)
    [Anonymous Symbol]                       0x0800649c   Section        0  inv_mpu.o(.text.mpu_dmp_init)
    [Anonymous Symbol]                       0x0800659c   Section        0  inv_mpu.o(.text.mpu_get_accel_fsr)
    [Anonymous Symbol]                       0x080065d4   Section        0  inv_mpu.o(.text.mpu_get_accel_sens)
    [Anonymous Symbol]                       0x08006614   Section        0  inv_mpu.o(.text.mpu_init)
    [Anonymous Symbol]                       0x080067d8   Section        0  inv_mpu.o(.text.mpu_load_firmware)
    [Anonymous Symbol]                       0x0800691c   Section        0  inv_mpu.o(.text.mpu_lp_accel_mode)
    [Anonymous Symbol]                       0x08006b4c   Section        0  inv_mpu.o(.text.mpu_read_fifo_stream)
    [Anonymous Symbol]                       0x08006c0c   Section        0  inv_mpu.o(.text.mpu_reset_fifo)
    [Anonymous Symbol]                       0x08006d88   Section        0  inv_mpu.o(.text.mpu_run_self_test)
    [Anonymous Symbol]                       0x080076b0   Section        0  inv_mpu.o(.text.mpu_set_accel_fsr)
    [Anonymous Symbol]                       0x08007748   Section        0  inv_mpu.o(.text.mpu_set_bypass)
    [Anonymous Symbol]                       0x08007838   Section        0  inv_mpu.o(.text.mpu_set_dmp_state)
    [Anonymous Symbol]                       0x08007918   Section        0  inv_mpu.o(.text.mpu_set_lpf)
    [Anonymous Symbol]                       0x080079b4   Section        0  inv_mpu.o(.text.mpu_set_sample_rate)
    [Anonymous Symbol]                       0x08007afc   Section        0  inv_mpu.o(.text.mpu_set_sensors)
    [Anonymous Symbol]                       0x08007be4   Section        0  inv_mpu.o(.text.mpu_write_mem)
    [Anonymous Symbol]                       0x08007c64   Section        0  inv_mpu.o(.text.run_self_test)
    i.__0printf                              0x08007d58   Section        0  printfa.o(i.__0printf)
    i.__ARM_fpclassify                       0x08007d78   Section        0  fpclassify.o(i.__ARM_fpclassify)
    i.__kernel_poly                          0x08007da0   Section        0  poly.o(i.__kernel_poly)
    i.__mathlib_dbl_infnan                   0x08007e4a   Section        0  dunder.o(i.__mathlib_dbl_infnan)
    i.__mathlib_dbl_infnan2                  0x08007e50   Section        0  dunder.o(i.__mathlib_dbl_infnan2)
    i.__mathlib_dbl_invalid                  0x08007e54   Section        0  dunder.o(i.__mathlib_dbl_invalid)
    i.__mathlib_dbl_underflow                0x08007e60   Section        0  dunder.o(i.__mathlib_dbl_underflow)
    i.__scatterload_copy                     0x08007e70   Section       14  handlers.o(i.__scatterload_copy)
    i.__scatterload_null                     0x08007e7e   Section        2  handlers.o(i.__scatterload_null)
    i.__scatterload_zeroinit                 0x08007e80   Section       14  handlers.o(i.__scatterload_zeroinit)
    i.__set_errno                            0x08007e90   Section        0  errno.o(i.__set_errno)
    _fp_digits                               0x08007e9d   Thumb Code   366  printfa.o(i._fp_digits)
    i._fp_digits                             0x08007e9c   Section        0  printfa.o(i._fp_digits)
    _printf_core                             0x08008021   Thumb Code  1744  printfa.o(i._printf_core)
    i._printf_core                           0x08008020   Section        0  printfa.o(i._printf_core)
    _printf_post_padding                     0x080086fd   Thumb Code    36  printfa.o(i._printf_post_padding)
    i._printf_post_padding                   0x080086fc   Section        0  printfa.o(i._printf_post_padding)
    _printf_pre_padding                      0x08008721   Thumb Code    46  printfa.o(i._printf_pre_padding)
    i._printf_pre_padding                    0x08008720   Section        0  printfa.o(i._printf_pre_padding)
    i.asin                                   0x08008750   Section        0  asin.o(i.asin)
    i.atan                                   0x080089c0   Section        0  atan.o(i.atan)
    i.atan2                                  0x08008be0   Section        0  atan2.o(i.atan2)
    i.puts                                   0x08008d7c   Section        0  puts.o(i.puts)
    i.sqrt                                   0x08008da0   Section        0  sqrt.o(i.sqrt)
    pS                                       0x08008df0   Data          48  asin.o(.constdata)
    .constdata                               0x08008df0   Section       80  asin.o(.constdata)
    qS                                       0x08008e20   Data          32  asin.o(.constdata)
    atanhi                                   0x08008e40   Data          32  atan.o(.constdata)
    .constdata                               0x08008e40   Section      152  atan.o(.constdata)
    atanlo                                   0x08008e60   Data          32  atan.o(.constdata)
    aTodd                                    0x08008e80   Data          40  atan.o(.constdata)
    aTeven                                   0x08008ea8   Data          48  atan.o(.constdata)
    .constdata                               0x08008ed8   Section        8  qnan.o(.constdata)
    .L__const.dmp_set_orientation.accel_axes 0x08008ee0   Data           3  inv_mpu_dmp_motion_driver.o(.rodata..L__const.dmp_set_orientation.accel_axes)
    .L__const.dmp_set_orientation.gyro_axes  0x08008ee3   Data           3  inv_mpu_dmp_motion_driver.o(.rodata..L__const.dmp_set_orientation.gyro_axes)
    HAL_RCC_GetSysClockFreq.aPredivFactorTable 0x08008efe   Data           2  stm32f1xx_hal_rcc.o(.rodata.HAL_RCC_GetSysClockFreq.aPredivFactorTable)
    [Anonymous Symbol]                       0x08008efe   Section        0  stm32f1xx_hal_rcc.o(.rodata.HAL_RCC_GetSysClockFreq.aPredivFactorTable)
    HAL_RCC_GetSysClockFreq.aPLLMULFactorTable 0x08008f00   Data          16  stm32f1xx_hal_rcc.o(.rodata.cst16)
    [Anonymous Symbol]                       0x08008f00   Section        0  stm32f1xx_hal_rcc.o(.rodata.cst16)
    .Lswitch.table.mpu_lp_motion_interrupt   0x08008f10   Data           8  inv_mpu.o(.rodata.cst8)
    dmp_memory                               0x08008f18   Data        3062  inv_mpu_dmp_motion_driver.o(.rodata.dmp_memory)
    [Anonymous Symbol]                       0x08008f18   Section        0  inv_mpu_dmp_motion_driver.o(.rodata.dmp_memory)
    .Lstr                                    0x08009b35   Data          76  inv_mpu.o(.rodata.str1.1)
    [Anonymous Symbol]                       0x08009b35   Section        0  inv_mpu.o(.rodata.str1.1)
    .data                                    0x20000000   Section        4  stdout.o(.data)
    _errno                                   0x20000004   Data           4  errno.o(.data)
    .data                                    0x20000004   Section        4  errno.o(.data)
    .L_MergedGlobals                         0x20000008   Data           8  stm32f1xx_hal.o(.data..L_MergedGlobals)
    [Anonymous Symbol]                       0x20000008   Section        0  stm32f1xx_hal.o(.data..L_MergedGlobals)
    .L_MergedGlobals                         0x20000010   Data          56  inv_mpu.o(.data..L_MergedGlobals)
    gyro_orientation                         0x20000010   Data           9  inv_mpu.o(.data..L_MergedGlobals)
    [Anonymous Symbol]                       0x20000010   Section        0  inv_mpu.o(.data..L_MergedGlobals)
    st                                       0x2000001c   Data          44  inv_mpu.o(.data..L_MergedGlobals)
    .L_MergedGlobals                         0x20000050   Data          16  inv_mpu_dmp_motion_driver.o(.bss..L_MergedGlobals)
    dmp.5                                    0x20000050   Data           1  inv_mpu_dmp_motion_driver.o(.bss..L_MergedGlobals)
    [Anonymous Symbol]                       0x20000050   Section        0  inv_mpu_dmp_motion_driver.o(.bss..L_MergedGlobals)
    dmp.3                                    0x20000054   Data           2  inv_mpu_dmp_motion_driver.o(.bss..L_MergedGlobals)
    dmp.0                                    0x20000058   Data           4  inv_mpu_dmp_motion_driver.o(.bss..L_MergedGlobals)
    dmp.1                                    0x2000005c   Data           4  inv_mpu_dmp_motion_driver.o(.bss..L_MergedGlobals)
    dmp.2                                    0x20000060   Data           2  inv_mpu_dmp_motion_driver.o(.bss.dmp.2)
    [Anonymous Symbol]                       0x20000060   Section        0  inv_mpu_dmp_motion_driver.o(.bss.dmp.2)
    dmp.4                                    0x20000064   Data           2  inv_mpu_dmp_motion_driver.o(.bss.dmp.4)
    [Anonymous Symbol]                       0x20000064   Section        0  inv_mpu_dmp_motion_driver.o(.bss.dmp.4)
    STACK                                    0x20000380   Section     1024  startup_stm32f103xb.o(STACK)

    Global Symbols

    Symbol Name                              Value     Ov Type        Size  Object(Section)

    BuildAttributes$$THM_ISAv4$P$D$K$B$S$PE$A:L22UL41UL21$X:L11$S22US41US21$IEEE1$IW$~IW$USESV6$~STKCKD$USESV7$~SHL$OTIME$ROPI$IEEEX$EBA8$MICROLIB$REQ8$PRES8$EABIv2 0x00000000   Number         0  anon$$obj.o ABSOLUTE
    _printf_a                                0x00000000   Number         0  printfstubs.o ABSOLUTE
    _printf_c                                0x00000000   Number         0  printfstubs.o ABSOLUTE
    _printf_charcount                        0x00000000   Number         0  printfstubs.o ABSOLUTE
    _printf_d                                0x00000000   Number         0  printfstubs.o ABSOLUTE
    _printf_e                                0x00000000   Number         0  printfstubs.o ABSOLUTE
    _printf_f                                0x00000000   Number         0  printfstubs.o ABSOLUTE
    _printf_flags                            0x00000000   Number         0  printfstubs.o ABSOLUTE
    _printf_fp_dec                           0x00000000   Number         0  printfstubs.o ABSOLUTE
    _printf_fp_hex                           0x00000000   Number         0  printfstubs.o ABSOLUTE
    _printf_g                                0x00000000   Number         0  printfstubs.o ABSOLUTE
    _printf_i                                0x00000000   Number         0  printfstubs.o ABSOLUTE
    _printf_int_dec                          0x00000000   Number         0  printfstubs.o ABSOLUTE
    _printf_l                                0x00000000   Number         0  printfstubs.o ABSOLUTE
    _printf_lc                               0x00000000   Number         0  printfstubs.o ABSOLUTE
    _printf_ll                               0x00000000   Number         0  printfstubs.o ABSOLUTE
    _printf_lld                              0x00000000   Number         0  printfstubs.o ABSOLUTE
    _printf_lli                              0x00000000   Number         0  printfstubs.o ABSOLUTE
    _printf_llo                              0x00000000   Number         0  printfstubs.o ABSOLUTE
    _printf_llu                              0x00000000   Number         0  printfstubs.o ABSOLUTE
    _printf_llx                              0x00000000   Number         0  printfstubs.o ABSOLUTE
    _printf_longlong_dec                     0x00000000   Number         0  printfstubs.o ABSOLUTE
    _printf_longlong_hex                     0x00000000   Number         0  printfstubs.o ABSOLUTE
    _printf_longlong_oct                     0x00000000   Number         0  printfstubs.o ABSOLUTE
    _printf_ls                               0x00000000   Number         0  printfstubs.o ABSOLUTE
    _printf_mbtowc                           0x00000000   Number         0  printfstubs.o ABSOLUTE
    _printf_n                                0x00000000   Number         0  printfstubs.o ABSOLUTE
    _printf_o                                0x00000000   Number         0  printfstubs.o ABSOLUTE
    _printf_p                                0x00000000   Number         0  printfstubs.o ABSOLUTE
    _printf_percent                          0x00000000   Number         0  printfstubs.o ABSOLUTE
    _printf_pre_padding                      0x00000000   Number         0  printfstubs.o ABSOLUTE
    _printf_return_value                     0x00000000   Number         0  printfstubs.o ABSOLUTE
    _printf_s                                0x00000000   Number         0  printfstubs.o ABSOLUTE
    _printf_sizespec                         0x00000000   Number         0  printfstubs.o ABSOLUTE
    _printf_str                              0x00000000   Number         0  printfstubs.o ABSOLUTE
    _printf_truncate_signed                  0x00000000   Number         0  printfstubs.o ABSOLUTE
    _printf_truncate_unsigned                0x00000000   Number         0  printfstubs.o ABSOLUTE
    _printf_u                                0x00000000   Number         0  printfstubs.o ABSOLUTE
    _printf_wc                               0x00000000   Number         0  printfstubs.o ABSOLUTE
    _printf_wctomb                           0x00000000   Number         0  printfstubs.o ABSOLUTE
    _printf_widthprec                        0x00000000   Number         0  printfstubs.o ABSOLUTE
    _printf_x                                0x00000000   Number         0  printfstubs.o ABSOLUTE
    __cpp_initialize__aeabi_                  - Undefined Weak Reference
    __cxa_finalize                            - Undefined Weak Reference
    __decompress                              - Undefined Weak Reference
    _clock_init                               - Undefined Weak Reference
    _microlib_exit                            - Undefined Weak Reference
    __Vectors_Size                           0x000000ec   Number         0  startup_stm32f103xb.o ABSOLUTE
    __Vectors                                0x08000000   Data           4  startup_stm32f103xb.o(RESET)
    __Vectors_End                            0x080000ec   Data           0  startup_stm32f103xb.o(RESET)
    __main                                   0x080000ed   Thumb Code     0  entry.o(.ARM.Collect$$$$00000000)
    _main_stk                                0x080000ed   Thumb Code     0  entry2.o(.ARM.Collect$$$$00000001)
    _main_scatterload                        0x080000f1   Thumb Code     0  entry5.o(.ARM.Collect$$$$00000004)
    __main_after_scatterload                 0x080000f5   Thumb Code     0  entry5.o(.ARM.Collect$$$$00000004)
    _main_clock                              0x080000f5   Thumb Code     0  entry7b.o(.ARM.Collect$$$$00000008)
    _main_cpp_init                           0x080000f5   Thumb Code     0  entry8b.o(.ARM.Collect$$$$0000000A)
    _main_init                               0x080000f5   Thumb Code     0  entry9a.o(.ARM.Collect$$$$0000000B)
    __rt_final_cpp                           0x080000fd   Thumb Code     0  entry10a.o(.ARM.Collect$$$$0000000D)
    __rt_final_exit                          0x080000fd   Thumb Code     0  entry11a.o(.ARM.Collect$$$$0000000F)
    Reset_Handler                            0x08000101   Thumb Code     8  startup_stm32f103xb.o(.text)
    ADC1_2_IRQHandler                        0x0800011b   Thumb Code     0  startup_stm32f103xb.o(.text)
    CAN1_RX1_IRQHandler                      0x0800011b   Thumb Code     0  startup_stm32f103xb.o(.text)
    CAN1_SCE_IRQHandler                      0x0800011b   Thumb Code     0  startup_stm32f103xb.o(.text)
    DMA1_Channel1_IRQHandler                 0x0800011b   Thumb Code     0  startup_stm32f103xb.o(.text)
    DMA1_Channel4_IRQHandler                 0x0800011b   Thumb Code     0  startup_stm32f103xb.o(.text)
    DMA1_Channel5_IRQHandler                 0x0800011b   Thumb Code     0  startup_stm32f103xb.o(.text)
    DMA1_Channel7_IRQHandler                 0x0800011b   Thumb Code     0  startup_stm32f103xb.o(.text)
    EXTI0_IRQHandler                         0x0800011b   Thumb Code     0  startup_stm32f103xb.o(.text)
    EXTI15_10_IRQHandler                     0x0800011b   Thumb Code     0  startup_stm32f103xb.o(.text)
    EXTI1_IRQHandler                         0x0800011b   Thumb Code     0  startup_stm32f103xb.o(.text)
    EXTI2_IRQHandler                         0x0800011b   Thumb Code     0  startup_stm32f103xb.o(.text)
    EXTI3_IRQHandler                         0x0800011b   Thumb Code     0  startup_stm32f103xb.o(.text)
    EXTI4_IRQHandler                         0x0800011b   Thumb Code     0  startup_stm32f103xb.o(.text)
    FLASH_IRQHandler                         0x0800011b   Thumb Code     0  startup_stm32f103xb.o(.text)
    I2C2_ER_IRQHandler                       0x0800011b   Thumb Code     0  startup_stm32f103xb.o(.text)
    I2C2_EV_IRQHandler                       0x0800011b   Thumb Code     0  startup_stm32f103xb.o(.text)
    PVD_IRQHandler                           0x0800011b   Thumb Code     0  startup_stm32f103xb.o(.text)
    RCC_IRQHandler                           0x0800011b   Thumb Code     0  startup_stm32f103xb.o(.text)
    RTC_Alarm_IRQHandler                     0x0800011b   Thumb Code     0  startup_stm32f103xb.o(.text)
    RTC_IRQHandler                           0x0800011b   Thumb Code     0  startup_stm32f103xb.o(.text)
    SPI1_IRQHandler                          0x0800011b   Thumb Code     0  startup_stm32f103xb.o(.text)
    SPI2_IRQHandler                          0x0800011b   Thumb Code     0  startup_stm32f103xb.o(.text)
    TAMPER_IRQHandler                        0x0800011b   Thumb Code     0  startup_stm32f103xb.o(.text)
    TIM2_IRQHandler                          0x0800011b   Thumb Code     0  startup_stm32f103xb.o(.text)
    USBWakeUp_IRQHandler                     0x0800011b   Thumb Code     0  startup_stm32f103xb.o(.text)
    USB_HP_CAN1_TX_IRQHandler                0x0800011b   Thumb Code     0  startup_stm32f103xb.o(.text)
    USB_LP_CAN1_RX0_IRQHandler               0x0800011b   Thumb Code     0  startup_stm32f103xb.o(.text)
    WWDG_IRQHandler                          0x0800011b   Thumb Code     0  startup_stm32f103xb.o(.text)
    __aeabi_ldivmod                          0x08000125   Thumb Code    98  ldiv.o(.text)
    memcmp                                   0x08000187   Thumb Code    26  memcmp.o(.text)
    __aeabi_fadd                             0x080001a1   Thumb Code   164  fadd.o(.text)
    __aeabi_fsub                             0x08000245   Thumb Code     6  fadd.o(.text)
    __aeabi_frsub                            0x0800024b   Thumb Code     6  fadd.o(.text)
    __aeabi_fmul                             0x08000251   Thumb Code   100  fmul.o(.text)
    __aeabi_fdiv                             0x080002b5   Thumb Code   124  fdiv.o(.text)
    __aeabi_dadd                             0x08000331   Thumb Code   322  dadd.o(.text)
    __aeabi_dsub                             0x08000473   Thumb Code     6  dadd.o(.text)
    __aeabi_drsub                            0x08000479   Thumb Code     6  dadd.o(.text)
    __aeabi_dmul                             0x0800047f   Thumb Code   228  dmul.o(.text)
    __aeabi_ddiv                             0x08000563   Thumb Code   222  ddiv.o(.text)
    __aeabi_fcmple                           0x08000641   Thumb Code    28  fcmple.o(.text)
    __aeabi_fcmplt                           0x0800065d   Thumb Code    28  fcmplt.o(.text)
    __aeabi_fcmpgt                           0x08000679   Thumb Code    28  fcmpgt.o(.text)
    __aeabi_fcmpeq                           0x08000695   Thumb Code    28  fcmpeq.o(.text)
    __aeabi_i2f                              0x080006b1   Thumb Code    18  fflti.o(.text)
    __aeabi_ui2f                             0x080006c3   Thumb Code    10  ffltui.o(.text)
    __aeabi_i2d                              0x080006cd   Thumb Code    34  dflti.o(.text)
    __aeabi_f2iz                             0x080006ef   Thumb Code    50  ffixi.o(.text)
    __aeabi_f2d                              0x08000721   Thumb Code    38  f2d.o(.text)
    __aeabi_d2f                              0x08000747   Thumb Code    56  d2f.o(.text)
    __aeabi_uidiv                            0x0800077f   Thumb Code     0  uidiv.o(.text)
    __aeabi_uidivmod                         0x0800077f   Thumb Code    44  uidiv.o(.text)
    __aeabi_uldivmod                         0x080007ab   Thumb Code    98  uldiv.o(.text)
    __aeabi_llsl                             0x0800080d   Thumb Code    30  llshl.o(.text)
    _ll_shift_l                              0x0800080d   Thumb Code     0  llshl.o(.text)
    __aeabi_lasr                             0x0800082b   Thumb Code    36  llsshr.o(.text)
    _ll_sshift_r                             0x0800082b   Thumb Code     0  llsshr.o(.text)
    __I$use$fp                               0x0800084f   Thumb Code     0  iusefp.o(.text)
    _float_round                             0x0800084f   Thumb Code    18  fepilogue.o(.text)
    _float_epilogue                          0x08000861   Thumb Code    92  fepilogue.o(.text)
    _double_round                            0x080008bd   Thumb Code    30  depilogue.o(.text)
    _double_epilogue                         0x080008db   Thumb Code   156  depilogue.o(.text)
    __ARM_scalbn                             0x08000977   Thumb Code    46  dscalb.o(.text)
    scalbn                                   0x08000977   Thumb Code     0  dscalb.o(.text)
    __aeabi_d2ulz                            0x080009a5   Thumb Code    48  dfixul.o(.text)
    __aeabi_cdcmpeq                          0x080009d5   Thumb Code     0  cdcmple.o(.text)
    __aeabi_cdcmple                          0x080009d5   Thumb Code    48  cdcmple.o(.text)
    __aeabi_cdrcmple                         0x08000a05   Thumb Code    48  cdrcmple.o(.text)
    __scatterload                            0x08000a35   Thumb Code    38  init.o(.text)
    __scatterload_rt2                        0x08000a35   Thumb Code     0  init.o(.text)
    __aeabi_llsr                             0x08000a65   Thumb Code    32  llushr.o(.text)
    _ll_ushift_r                             0x08000a65   Thumb Code     0  llushr.o(.text)
    _dsqrt                                   0x08000a85   Thumb Code   162  dsqrt.o(.text)
    BusFault_Handler                         0x08000b29   Thumb Code     2  stm32f1xx_it.o(.text.BusFault_Handler)
    DMA1_Channel2_IRQHandler                 0x08000b2d   Thumb Code    12  stm32f1xx_it.o(.text.DMA1_Channel2_IRQHandler)
    DMA1_Channel3_IRQHandler                 0x08000b39   Thumb Code    12  stm32f1xx_it.o(.text.DMA1_Channel3_IRQHandler)
    DMA1_Channel6_IRQHandler                 0x08000b45   Thumb Code    12  stm32f1xx_it.o(.text.DMA1_Channel6_IRQHandler)
    DebugMon_Handler                         0x08000b51   Thumb Code     2  stm32f1xx_it.o(.text.DebugMon_Handler)
    EXTI9_5_IRQHandler                       0x08000b55   Thumb Code     6  stm32f1xx_it.o(.text.EXTI9_5_IRQHandler)
    Error_Handler                            0x08000b5d   Thumb Code    10  main.o(.text.Error_Handler)
    HAL_ADC_ConfigChannel                    0x08000b69   Thumb Code   374  stm32f1xx_hal_adc.o(.text.HAL_ADC_ConfigChannel)
    HAL_ADC_Init                             0x08000ce1   Thumb Code   344  stm32f1xx_hal_adc.o(.text.HAL_ADC_Init)
    HAL_ADC_MspInit                          0x08000e39   Thumb Code   102  adc.o(.text.HAL_ADC_MspInit)
    HAL_DMA_Abort                            0x08000ea1   Thumb Code    70  stm32f1xx_hal_dma.o(.text.HAL_DMA_Abort)
    HAL_DMA_Abort_IT                         0x08000ee9   Thumb Code   182  stm32f1xx_hal_dma.o(.text.HAL_DMA_Abort_IT)
    HAL_DMA_GetState                         0x08000fa1   Thumb Code     6  stm32f1xx_hal_dma.o(.text.HAL_DMA_GetState)
    HAL_DMA_IRQHandler                       0x08000fa9   Thumb Code   416  stm32f1xx_hal_dma.o(.text.HAL_DMA_IRQHandler)
    HAL_DMA_Init                             0x08001149   Thumb Code   132  stm32f1xx_hal_dma.o(.text.HAL_DMA_Init)
    HAL_Delay                                0x080011cd   Thumb Code    40  stm32f1xx_hal.o(.text.HAL_Delay)
    HAL_GPIO_EXTI_Callback                   0x080011f5   Thumb Code     2  stm32f1xx_hal_gpio.o(.text.HAL_GPIO_EXTI_Callback)
    HAL_GPIO_EXTI_IRQHandler                 0x080011f9   Thumb Code    22  stm32f1xx_hal_gpio.o(.text.HAL_GPIO_EXTI_IRQHandler)
    HAL_GPIO_Init                            0x08001211   Thumb Code   526  stm32f1xx_hal_gpio.o(.text.HAL_GPIO_Init)
    HAL_GPIO_ReadPin                         0x08001421   Thumb Code    10  stm32f1xx_hal_gpio.o(.text.HAL_GPIO_ReadPin)
    HAL_GPIO_WritePin                        0x0800142d   Thumb Code    10  stm32f1xx_hal_gpio.o(.text.HAL_GPIO_WritePin)
    HAL_GetTick                              0x08001439   Thumb Code    12  stm32f1xx_hal.o(.text.HAL_GetTick)
    HAL_I2C_AbortCpltCallback                0x08001445   Thumb Code     2  stm32f1xx_hal_i2c.o(.text.HAL_I2C_AbortCpltCallback)
    HAL_I2C_AddrCallback                     0x08001449   Thumb Code     2  stm32f1xx_hal_i2c.o(.text.HAL_I2C_AddrCallback)
    HAL_I2C_ER_IRQHandler                    0x0800144d   Thumb Code   340  stm32f1xx_hal_i2c.o(.text.HAL_I2C_ER_IRQHandler)
    HAL_I2C_EV_IRQHandler                    0x080015a1   Thumb Code  1606  stm32f1xx_hal_i2c.o(.text.HAL_I2C_EV_IRQHandler)
    HAL_I2C_ErrorCallback                    0x08001be9   Thumb Code     2  stm32f1xx_hal_i2c.o(.text.HAL_I2C_ErrorCallback)
    HAL_I2C_Init                             0x08001bed   Thumb Code   356  stm32f1xx_hal_i2c.o(.text.HAL_I2C_Init)
    HAL_I2C_ListenCpltCallback               0x08001d51   Thumb Code     2  stm32f1xx_hal_i2c.o(.text.HAL_I2C_ListenCpltCallback)
    HAL_I2C_MasterRxCpltCallback             0x08001d55   Thumb Code     2  stm32f1xx_hal_i2c.o(.text.HAL_I2C_MasterRxCpltCallback)
    HAL_I2C_MasterTxCpltCallback             0x08001d59   Thumb Code     2  stm32f1xx_hal_i2c.o(.text.HAL_I2C_MasterTxCpltCallback)
    HAL_I2C_MemRxCpltCallback                0x08001d5d   Thumb Code     2  stm32f1xx_hal_i2c.o(.text.HAL_I2C_MemRxCpltCallback)
    HAL_I2C_MemTxCpltCallback                0x08001d61   Thumb Code     2  stm32f1xx_hal_i2c.o(.text.HAL_I2C_MemTxCpltCallback)
    HAL_I2C_MspInit                          0x08001d65   Thumb Code   162  i2c.o(.text.HAL_I2C_MspInit)
    HAL_I2C_SlaveRxCpltCallback              0x08001e09   Thumb Code     2  stm32f1xx_hal_i2c.o(.text.HAL_I2C_SlaveRxCpltCallback)
    HAL_I2C_SlaveTxCpltCallback              0x08001e0d   Thumb Code     2  stm32f1xx_hal_i2c.o(.text.HAL_I2C_SlaveTxCpltCallback)
    HAL_IncTick                              0x08001e11   Thumb Code    26  stm32f1xx_hal.o(.text.HAL_IncTick)
    HAL_Init                                 0x08001e2d   Thumb Code    38  stm32f1xx_hal.o(.text.HAL_Init)
    HAL_InitTick                             0x08001e55   Thumb Code    72  stm32f1xx_hal.o(.text.HAL_InitTick)
    HAL_MspInit                              0x08001e9d   Thumb Code    66  stm32f1xx_hal_msp.o(.text.HAL_MspInit)
    HAL_NVIC_EnableIRQ                       0x08001ee1   Thumb Code    34  stm32f1xx_hal_cortex.o(.text.HAL_NVIC_EnableIRQ)
    HAL_NVIC_SetPriority                     0x08001f05   Thumb Code    86  stm32f1xx_hal_cortex.o(.text.HAL_NVIC_SetPriority)
    HAL_NVIC_SetPriorityGrouping             0x08001f5d   Thumb Code    32  stm32f1xx_hal_cortex.o(.text.HAL_NVIC_SetPriorityGrouping)
    HAL_PWR_EnableBkUpAccess                 0x08001f7d   Thumb Code    12  stm32f1xx_hal_pwr.o(.text.HAL_PWR_EnableBkUpAccess)
    HAL_RCCEx_GetPeriphCLKFreq               0x08001f89   Thumb Code   228  stm32f1xx_hal_rcc_ex.o(.text.HAL_RCCEx_GetPeriphCLKFreq)
    HAL_RCCEx_PeriphCLKConfig                0x08002081   Thumb Code   258  stm32f1xx_hal_rcc_ex.o(.text.HAL_RCCEx_PeriphCLKConfig)
    HAL_RCC_ClockConfig                      0x08002185   Thumb Code   442  stm32f1xx_hal_rcc.o(.text.HAL_RCC_ClockConfig)
    HAL_RCC_GetPCLK1Freq                     0x08002341   Thumb Code    38  stm32f1xx_hal_rcc.o(.text.HAL_RCC_GetPCLK1Freq)
    HAL_RCC_GetPCLK2Freq                     0x08002369   Thumb Code    38  stm32f1xx_hal_rcc.o(.text.HAL_RCC_GetPCLK2Freq)
    HAL_RCC_OscConfig                        0x08002391   Thumb Code  1024  stm32f1xx_hal_rcc.o(.text.HAL_RCC_OscConfig)
    HAL_RTC_Init                             0x08002791   Thumb Code   240  stm32f1xx_hal_rtc.o(.text.HAL_RTC_Init)
    HAL_RTC_MspInit                          0x08002881   Thumb Code    70  rtc.o(.text.HAL_RTC_MspInit)
    HAL_SYSTICK_Config                       0x080028c9   Thumb Code    44  stm32f1xx_hal_cortex.o(.text.HAL_SYSTICK_Config)
    HAL_TIMEx_BreakCallback                  0x080028f5   Thumb Code     2  stm32f1xx_hal_tim_ex.o(.text.HAL_TIMEx_BreakCallback)
    HAL_TIMEx_CommutCallback                 0x080028f9   Thumb Code     2  stm32f1xx_hal_tim_ex.o(.text.HAL_TIMEx_CommutCallback)
    HAL_TIMEx_ConfigBreakDeadTime            0x080028fd   Thumb Code    76  stm32f1xx_hal_tim_ex.o(.text.HAL_TIMEx_ConfigBreakDeadTime)
    HAL_TIMEx_MasterConfigSynchronization    0x08002949   Thumb Code   126  stm32f1xx_hal_tim_ex.o(.text.HAL_TIMEx_MasterConfigSynchronization)
    HAL_TIM_Base_Init                        0x080029c9   Thumb Code   250  stm32f1xx_hal_tim.o(.text.HAL_TIM_Base_Init)
    HAL_TIM_Base_MspInit                     0x08002ac5   Thumb Code   116  tim.o(.text.HAL_TIM_Base_MspInit)
    HAL_TIM_ConfigClockSource                0x08002b39   Thumb Code   416  stm32f1xx_hal_tim.o(.text.HAL_TIM_ConfigClockSource)
    HAL_TIM_Encoder_Init                     0x08002cd9   Thumb Code   346  stm32f1xx_hal_tim.o(.text.HAL_TIM_Encoder_Init)
    HAL_TIM_Encoder_MspInit                  0x08002e35   Thumb Code   194  tim.o(.text.HAL_TIM_Encoder_MspInit)
    HAL_TIM_IC_CaptureCallback               0x08002ef9   Thumb Code     2  stm32f1xx_hal_tim.o(.text.HAL_TIM_IC_CaptureCallback)
    HAL_TIM_IRQHandler                       0x08002efd   Thumb Code   334  stm32f1xx_hal_tim.o(.text.HAL_TIM_IRQHandler)
    HAL_TIM_OC_DelayElapsedCallback          0x0800304d   Thumb Code     2  stm32f1xx_hal_tim.o(.text.HAL_TIM_OC_DelayElapsedCallback)
    HAL_TIM_PWM_ConfigChannel                0x08003051   Thumb Code   516  stm32f1xx_hal_tim.o(.text.HAL_TIM_PWM_ConfigChannel)
    HAL_TIM_PWM_Init                         0x08003255   Thumb Code   250  stm32f1xx_hal_tim.o(.text.HAL_TIM_PWM_Init)
    HAL_TIM_PWM_MspInit                      0x08003351   Thumb Code     2  stm32f1xx_hal_tim.o(.text.HAL_TIM_PWM_MspInit)
    HAL_TIM_PWM_PulseFinishedCallback        0x08003355   Thumb Code     2  stm32f1xx_hal_tim.o(.text.HAL_TIM_PWM_PulseFinishedCallback)
    HAL_TIM_PWM_Start                        0x08003359   Thumb Code   218  stm32f1xx_hal_tim.o(.text.HAL_TIM_PWM_Start)
    HAL_TIM_PeriodElapsedCallback            0x08003435   Thumb Code     2  stm32f1xx_hal_tim.o(.text.HAL_TIM_PeriodElapsedCallback)
    HAL_TIM_TriggerCallback                  0x08003439   Thumb Code     2  stm32f1xx_hal_tim.o(.text.HAL_TIM_TriggerCallback)
    HAL_UARTEx_RxEventCallback               0x0800343d   Thumb Code     2  stm32f1xx_hal_uart.o(.text.HAL_UARTEx_RxEventCallback)
    HAL_UART_ErrorCallback                   0x08003441   Thumb Code     2  stm32f1xx_hal_uart.o(.text.HAL_UART_ErrorCallback)
    HAL_UART_IRQHandler                      0x08003445   Thumb Code  1392  stm32f1xx_hal_uart.o(.text.HAL_UART_IRQHandler)
    HAL_UART_Init                            0x080039b5   Thumb Code   226  stm32f1xx_hal_uart.o(.text.HAL_UART_Init)
    HAL_UART_MspInit                         0x08003a99   Thumb Code   530  usart.o(.text.HAL_UART_MspInit)
    HAL_UART_RxCpltCallback                  0x08003cad   Thumb Code     2  stm32f1xx_hal_uart.o(.text.HAL_UART_RxCpltCallback)
    HAL_UART_Transmit                        0x08003cb1   Thumb Code   402  stm32f1xx_hal_uart.o(.text.HAL_UART_Transmit)
    HAL_UART_TxCpltCallback                  0x08003e45   Thumb Code     2  stm32f1xx_hal_uart.o(.text.HAL_UART_TxCpltCallback)
    HardFault_Handler                        0x08003e49   Thumb Code     2  stm32f1xx_it.o(.text.HardFault_Handler)
    I2C1_ER_IRQHandler                       0x08003e4d   Thumb Code    12  stm32f1xx_it.o(.text.I2C1_ER_IRQHandler)
    I2C1_EV_IRQHandler                       0x08003e59   Thumb Code    12  stm32f1xx_it.o(.text.I2C1_EV_IRQHandler)
    IIC_GPIO_Init                            0x0800454d   Thumb Code   100  iic.o(.text.IIC_GPIO_Init)
    IIC_Read_Byte                            0x080045b1   Thumb Code   494  iic.o(.text.IIC_Read_Byte)
    IIC_Send_Byte                            0x080047a1   Thumb Code   330  iic.o(.text.IIC_Send_Byte)
    IIC_Start                                0x080048ed   Thumb Code    62  iic.o(.text.IIC_Start)
    IIC_Stop                                 0x0800492d   Thumb Code    50  iic.o(.text.IIC_Stop)
    IIC_Wait_Ack                             0x08004961   Thumb Code    70  iic.o(.text.IIC_Wait_Ack)
    MOTOR_ADVANCE                            0x080049a9   Thumb Code    62  motor.o(.text.MOTOR_ADVANCE)
    MOTOR_INIT                               0x080049e9   Thumb Code   146  motor.o(.text.MOTOR_INIT)
    MOTOR_SPEEN                              0x08004a7d   Thumb Code    16  motor.o(.text.MOTOR_SPEEN)
    MPU_Get_Accelerometer                    0x08004a8d   Thumb Code    66  mpu6050.o(.text.MPU_Get_Accelerometer)
    MPU_Get_Gyroscope                        0x08004ad1   Thumb Code    66  mpu6050.o(.text.MPU_Get_Gyroscope)
    MPU_Get_Temperature                      0x08004b15   Thumb Code    84  mpu6050.o(.text.MPU_Get_Temperature)
    MPU_Init                                 0x08004b69   Thumb Code   196  mpu6050.o(.text.MPU_Init)
    MPU_Read_Len                             0x08004c3d   Thumb Code   112  mpu6050.o(.text.MPU_Read_Len)
    MPU_Write_Byte                           0x08004cad   Thumb Code    68  mpu6050.o(.text.MPU_Write_Byte)
    MPU_Write_Len                            0x08004cf1   Thumb Code    88  mpu6050.o(.text.MPU_Write_Len)
    MX_ADC1_Init                             0x08004d49   Thumb Code    86  adc.o(.text.MX_ADC1_Init)
    MX_DMA_Init                              0x08004da1   Thumb Code    84  dma.o(.text.MX_DMA_Init)
    MX_GPIO_Init                             0x08004df5   Thumb Code   206  gpio.o(.text.MX_GPIO_Init)
    MX_I2C1_Init                             0x08004ec5   Thumb Code    66  i2c.o(.text.MX_I2C1_Init)
    MX_RTC_Init                              0x08004f09   Thumb Code    48  rtc.o(.text.MX_RTC_Init)
    MX_TIM1_Init                             0x08004f39   Thumb Code   348  tim.o(.text.MX_TIM1_Init)
    MX_TIM3_Init                             0x08005095   Thumb Code   102  tim.o(.text.MX_TIM3_Init)
    MX_TIM4_Init                             0x080050fd   Thumb Code   102  tim.o(.text.MX_TIM4_Init)
    MX_USART1_UART_Init                      0x08005165   Thumb Code    60  usart.o(.text.MX_USART1_UART_Init)
    MX_USART2_UART_Init                      0x080051a1   Thumb Code    60  usart.o(.text.MX_USART2_UART_Init)
    MX_USART3_UART_Init                      0x080051dd   Thumb Code    60  usart.o(.text.MX_USART3_UART_Init)
    MemManage_Handler                        0x08005219   Thumb Code     2  stm32f1xx_it.o(.text.MemManage_Handler)
    NMI_Handler                              0x0800521d   Thumb Code     2  stm32f1xx_it.o(.text.NMI_Handler)
    PendSV_Handler                           0x08005221   Thumb Code     2  stm32f1xx_it.o(.text.PendSV_Handler)
    SVC_Handler                              0x08005225   Thumb Code     2  stm32f1xx_it.o(.text.SVC_Handler)
    SysTick_Handler                          0x08005229   Thumb Code     4  stm32f1xx_it.o(.text.SysTick_Handler)
    SystemInit                               0x0800522d   Thumb Code     2  system_stm32f1xx.o(.text.SystemInit)
    TIM1_BRK_IRQHandler                      0x08005231   Thumb Code    12  stm32f1xx_it.o(.text.TIM1_BRK_IRQHandler)
    TIM1_CC_IRQHandler                       0x0800523d   Thumb Code    12  stm32f1xx_it.o(.text.TIM1_CC_IRQHandler)
    TIM1_TRG_COM_IRQHandler                  0x08005249   Thumb Code    12  stm32f1xx_it.o(.text.TIM1_TRG_COM_IRQHandler)
    TIM1_UP_IRQHandler                       0x08005255   Thumb Code    12  stm32f1xx_it.o(.text.TIM1_UP_IRQHandler)
    TIM3_IRQHandler                          0x08005261   Thumb Code    12  stm32f1xx_it.o(.text.TIM3_IRQHandler)
    TIM4_IRQHandler                          0x0800526d   Thumb Code    12  stm32f1xx_it.o(.text.TIM4_IRQHandler)
    USART1_IRQHandler                        0x08005385   Thumb Code    12  stm32f1xx_it.o(.text.USART1_IRQHandler)
    USART2_IRQHandler                        0x08005391   Thumb Code    12  stm32f1xx_it.o(.text.USART2_IRQHandler)
    USART3_IRQHandler                        0x0800539d   Thumb Code    12  stm32f1xx_it.o(.text.USART3_IRQHandler)
    UsageFault_Handler                       0x080053a9   Thumb Code     2  stm32f1xx_it.o(.text.UsageFault_Handler)
    dmp_enable_feature                       0x080053ad   Thumb Code   672  inv_mpu_dmp_motion_driver.o(.text.dmp_enable_feature)
    dmp_load_motion_driver_firmware          0x0800564d   Thumb Code    22  inv_mpu_dmp_motion_driver.o(.text.dmp_load_motion_driver_firmware)
    dmp_read_fifo                            0x08005665   Thumb Code   440  inv_mpu_dmp_motion_driver.o(.text.dmp_read_fifo)
    dmp_set_accel_bias                       0x0800581d   Thumb Code   192  inv_mpu_dmp_motion_driver.o(.text.dmp_set_accel_bias)
    dmp_set_fifo_rate                        0x080058dd   Thumb Code   112  inv_mpu_dmp_motion_driver.o(.text.dmp_set_fifo_rate)
    dmp_set_gyro_bias                        0x0800594d   Thumb Code   224  inv_mpu_dmp_motion_driver.o(.text.dmp_set_gyro_bias)
    dmp_set_orientation                      0x08005a2d   Thumb Code   232  inv_mpu_dmp_motion_driver.o(.text.dmp_set_orientation)
    dmp_set_tap_thresh                       0x08005b15   Thumb Code   294  inv_mpu_dmp_motion_driver.o(.text.dmp_set_tap_thresh)
    fputc                                    0x08005c3d   Thumb Code    32  usart.o(.text.fputc)
    inv_orientation_matrix_to_scalar         0x08005f8d   Thumb Code   220  inv_mpu.o(.text.inv_orientation_matrix_to_scalar)
    main                                     0x08006069   Thumb Code   344  main.o(.text.main)
    mget_ms                                  0x08006219   Thumb Code     2  inv_mpu.o(.text.mget_ms)
    mpu_configure_fifo                       0x0800621d   Thumb Code   168  inv_mpu.o(.text.mpu_configure_fifo)
    mpu_dmp_get_data                         0x080062c5   Thumb Code   472  inv_mpu.o(.text.mpu_dmp_get_data)
    mpu_dmp_init                             0x0800649d   Thumb Code   254  inv_mpu.o(.text.mpu_dmp_init)
    mpu_get_accel_fsr                        0x0800659d   Thumb Code    54  inv_mpu.o(.text.mpu_get_accel_fsr)
    mpu_get_accel_sens                       0x080065d5   Thumb Code    48  inv_mpu.o(.text.mpu_get_accel_sens)
    mpu_init                                 0x08006615   Thumb Code   380  inv_mpu.o(.text.mpu_init)
    mpu_load_firmware                        0x080067d9   Thumb Code   322  inv_mpu.o(.text.mpu_load_firmware)
    mpu_lp_accel_mode                        0x0800691d   Thumb Code   560  inv_mpu.o(.text.mpu_lp_accel_mode)
    mpu_read_fifo_stream                     0x08006b4d   Thumb Code   190  inv_mpu.o(.text.mpu_read_fifo_stream)
    mpu_reset_fifo                           0x08006c0d   Thumb Code   378  inv_mpu.o(.text.mpu_reset_fifo)
    mpu_run_self_test                        0x08006d89   Thumb Code  2312  inv_mpu.o(.text.mpu_run_self_test)
    mpu_set_accel_fsr                        0x080076b1   Thumb Code   150  inv_mpu.o(.text.mpu_set_accel_fsr)
    mpu_set_bypass                           0x08007749   Thumb Code   238  inv_mpu.o(.text.mpu_set_bypass)
    mpu_set_dmp_state                        0x08007839   Thumb Code   224  inv_mpu.o(.text.mpu_set_dmp_state)
    mpu_set_lpf                              0x08007919   Thumb Code   156  inv_mpu.o(.text.mpu_set_lpf)
    mpu_set_sample_rate                      0x080079b5   Thumb Code   328  inv_mpu.o(.text.mpu_set_sample_rate)
    mpu_set_sensors                          0x08007afd   Thumb Code   230  inv_mpu.o(.text.mpu_set_sensors)
    mpu_write_mem                            0x08007be5   Thumb Code   128  inv_mpu.o(.text.mpu_write_mem)
    run_self_test                            0x08007c65   Thumb Code   212  inv_mpu.o(.text.run_self_test)
    __0printf                                0x08007d59   Thumb Code    22  printfa.o(i.__0printf)
    __1printf                                0x08007d59   Thumb Code     0  printfa.o(i.__0printf)
    __2printf                                0x08007d59   Thumb Code     0  printfa.o(i.__0printf)
    __c89printf                              0x08007d59   Thumb Code     0  printfa.o(i.__0printf)
    printf                                   0x08007d59   Thumb Code     0  printfa.o(i.__0printf)
    __ARM_fpclassify                         0x08007d79   Thumb Code    40  fpclassify.o(i.__ARM_fpclassify)
    __kernel_poly                            0x08007da1   Thumb Code   170  poly.o(i.__kernel_poly)
    __mathlib_dbl_infnan                     0x08007e4b   Thumb Code     6  dunder.o(i.__mathlib_dbl_infnan)
    __mathlib_dbl_infnan2                    0x08007e51   Thumb Code     4  dunder.o(i.__mathlib_dbl_infnan2)
    __mathlib_dbl_invalid                    0x08007e55   Thumb Code    12  dunder.o(i.__mathlib_dbl_invalid)
    __mathlib_dbl_underflow                  0x08007e61   Thumb Code    10  dunder.o(i.__mathlib_dbl_underflow)
    __scatterload_copy                       0x08007e71   Thumb Code    14  handlers.o(i.__scatterload_copy)
    __scatterload_null                       0x08007e7f   Thumb Code     2  handlers.o(i.__scatterload_null)
    __scatterload_zeroinit                   0x08007e81   Thumb Code    14  handlers.o(i.__scatterload_zeroinit)
    __set_errno                              0x08007e91   Thumb Code     6  errno.o(i.__set_errno)
    asin                                     0x08008751   Thumb Code   572  asin.o(i.asin)
    atan                                     0x080089c1   Thumb Code   474  atan.o(i.atan)
    atan2                                    0x08008be1   Thumb Code   374  atan2.o(i.atan2)
    puts                                     0x08008d7d   Thumb Code    30  puts.o(i.puts)
    sqrt                                     0x08008da1   Thumb Code    76  sqrt.o(i.sqrt)
    __mathlib_zero                           0x08008ed8   Data           8  qnan.o(.constdata)
    AHBPrescTable                            0x08008ee6   Data          16  system_stm32f1xx.o(.rodata.AHBPrescTable)
    APBPrescTable                            0x08008ef6   Data           8  system_stm32f1xx.o(.rodata.APBPrescTable)
    hw                                       0x08009b0e   Data          12  inv_mpu.o(.rodata.hw)
    reg                                      0x08009b1a   Data          27  inv_mpu.o(.rodata.reg)
    test                                     0x08009b84   Data          40  inv_mpu.o(.rodata.test)
    Region$$Table$$Base                      0x08009bac   Number         0  anon$$obj.o(Region$$Table)
    Region$$Table$$Limit                     0x08009bcc   Number         0  anon$$obj.o(Region$$Table)
    __stdout                                 0x20000000   Data           4  stdout.o(.data)
    uwTickFreq                               0x20000008   Data           1  stm32f1xx_hal.o(.data..L_MergedGlobals)
    uwTickPrio                               0x2000000c   Data           4  stm32f1xx_hal.o(.data..L_MergedGlobals)
    SystemCoreClock                          0x20000048   Data           4  system_stm32f1xx.o(.data.SystemCoreClock)
    hadc1                                    0x20000068   Data          48  adc.o(.bss.hadc1)
    hdma_usart2_rx                           0x20000098   Data          68  usart.o(.bss.hdma_usart2_rx)
    hdma_usart3_rx                           0x200000dc   Data          68  usart.o(.bss.hdma_usart3_rx)
    hdma_usart3_tx                           0x20000120   Data          68  usart.o(.bss.hdma_usart3_tx)
    hi2c1                                    0x20000164   Data          84  i2c.o(.bss.hi2c1)
    hrtc                                     0x200001b8   Data          20  rtc.o(.bss.hrtc)
    htim1                                    0x200001cc   Data          72  tim.o(.bss.htim1)
    htim3                                    0x20000214   Data          72  tim.o(.bss.htim3)
    htim4                                    0x2000025c   Data          72  tim.o(.bss.htim4)
    huart1                                   0x200002a4   Data          72  usart.o(.bss.huart1)
    huart2                                   0x200002ec   Data          72  usart.o(.bss.huart2)
    huart3                                   0x20000334   Data          72  usart.o(.bss.huart3)
    uwTick                                   0x2000037c   Data           4  stm32f1xx_hal.o(.bss.uwTick)
    __initial_sp                             0x20000780   Data           0  startup_stm32f103xb.o(STACK)



==============================================================================

Memory Map of the image

  Image Entry point : 0x080000ed

  Load Region LR_IROM1 (Base: 0x08000000, Size: 0x00009c20, Max: 0x00010000, ABSOLUTE)

    Execution Region ER_IROM1 (Exec base: 0x08000000, Load base: 0x08000000, Size: 0x00009bcc, Max: 0x00010000, ABSOLUTE)

    Exec Addr    Load Addr    Size         Type   Attr      Idx    E Section Name        Object

    0x08000000   0x08000000   0x000000ec   Data   RO            3    RESET               startup_stm32f103xb.o
    0x080000ec   0x080000ec   0x00000000   Code   RO         1590  * .ARM.Collect$$$$00000000  mc_w.l(entry.o)
    0x080000ec   0x080000ec   0x00000004   Code   RO         1924    .ARM.Collect$$$$00000001  mc_w.l(entry2.o)
    0x080000f0   0x080000f0   0x00000004   Code   RO         1927    .ARM.Collect$$$$00000004  mc_w.l(entry5.o)
    0x080000f4   0x080000f4   0x00000000   Code   RO         1929    .ARM.Collect$$$$00000008  mc_w.l(entry7b.o)
    0x080000f4   0x080000f4   0x00000000   Code   RO         1931    .ARM.Collect$$$$0000000A  mc_w.l(entry8b.o)
    0x080000f4   0x080000f4   0x00000008   Code   RO         1932    .ARM.Collect$$$$0000000B  mc_w.l(entry9a.o)
    0x080000fc   0x080000fc   0x00000000   Code   RO         1934    .ARM.Collect$$$$0000000D  mc_w.l(entry10a.o)
    0x080000fc   0x080000fc   0x00000000   Code   RO         1936    .ARM.Collect$$$$0000000F  mc_w.l(entry11a.o)
    0x080000fc   0x080000fc   0x00000004   Code   RO         1925    .ARM.Collect$$$$00002712  mc_w.l(entry2.o)
    0x08000100   0x08000100   0x00000024   Code   RO            4    .text               startup_stm32f103xb.o
    0x08000124   0x08000124   0x00000062   Code   RO         1597    .text               mc_w.l(ldiv.o)
    0x08000186   0x08000186   0x0000001a   Code   RO         1601    .text               mc_w.l(memcmp.o)
    0x080001a0   0x080001a0   0x000000b0   Code   RO         1864    .text               mf_w.l(fadd.o)
    0x08000250   0x08000250   0x00000064   Code   RO         1866    .text               mf_w.l(fmul.o)
    0x080002b4   0x080002b4   0x0000007c   Code   RO         1868    .text               mf_w.l(fdiv.o)
    0x08000330   0x08000330   0x0000014e   Code   RO         1870    .text               mf_w.l(dadd.o)
    0x0800047e   0x0800047e   0x000000e4   Code   RO         1872    .text               mf_w.l(dmul.o)
    0x08000562   0x08000562   0x000000de   Code   RO         1874    .text               mf_w.l(ddiv.o)
    0x08000640   0x08000640   0x0000001c   Code   RO         1876    .text               mf_w.l(fcmple.o)
    0x0800065c   0x0800065c   0x0000001c   Code   RO         1878    .text               mf_w.l(fcmplt.o)
    0x08000678   0x08000678   0x0000001c   Code   RO         1880    .text               mf_w.l(fcmpgt.o)
    0x08000694   0x08000694   0x0000001c   Code   RO         1882    .text               mf_w.l(fcmpeq.o)
    0x080006b0   0x080006b0   0x00000012   Code   RO         1884    .text               mf_w.l(fflti.o)
    0x080006c2   0x080006c2   0x0000000a   Code   RO         1886    .text               mf_w.l(ffltui.o)
    0x080006cc   0x080006cc   0x00000022   Code   RO         1888    .text               mf_w.l(dflti.o)
    0x080006ee   0x080006ee   0x00000032   Code   RO         1890    .text               mf_w.l(ffixi.o)
    0x08000720   0x08000720   0x00000026   Code   RO         1892    .text               mf_w.l(f2d.o)
    0x08000746   0x08000746   0x00000038   Code   RO         1894    .text               mf_w.l(d2f.o)
    0x0800077e   0x0800077e   0x0000002c   Code   RO         1948    .text               mc_w.l(uidiv.o)
    0x080007aa   0x080007aa   0x00000062   Code   RO         1950    .text               mc_w.l(uldiv.o)
    0x0800080c   0x0800080c   0x0000001e   Code   RO         1952    .text               mc_w.l(llshl.o)
    0x0800082a   0x0800082a   0x00000024   Code   RO         1954    .text               mc_w.l(llsshr.o)
    0x0800084e   0x0800084e   0x00000000   Code   RO         1963    .text               mc_w.l(iusefp.o)
    0x0800084e   0x0800084e   0x0000006e   Code   RO         1964    .text               mf_w.l(fepilogue.o)
    0x080008bc   0x080008bc   0x000000ba   Code   RO         1966    .text               mf_w.l(depilogue.o)
    0x08000976   0x08000976   0x0000002e   Code   RO         1968    .text               mf_w.l(dscalb.o)
    0x080009a4   0x080009a4   0x00000030   Code   RO         1970    .text               mf_w.l(dfixul.o)
    0x080009d4   0x080009d4   0x00000030   Code   RO         1972    .text               mf_w.l(cdcmple.o)
    0x08000a04   0x08000a04   0x00000030   Code   RO         1974    .text               mf_w.l(cdrcmple.o)
    0x08000a34   0x08000a34   0x00000030   Code   RO         1976    .text               mc_w.l(init.o)
    0x08000a64   0x08000a64   0x00000020   Code   RO         1978    .text               mc_w.l(llushr.o)
    0x08000a84   0x08000a84   0x000000a2   Code   RO         1980    .text               mf_w.l(dsqrt.o)
    0x08000b26   0x08000b26   0x00000002   PAD
    0x08000b28   0x08000b28   0x00000002   Code   RO          148    .text.BusFault_Handler  stm32f1xx_it.o
    0x08000b2a   0x08000b2a   0x00000002   PAD
    0x08000b2c   0x08000b2c   0x0000000c   Code   RO          160    .text.DMA1_Channel2_IRQHandler  stm32f1xx_it.o
    0x08000b38   0x08000b38   0x0000000c   Code   RO          162    .text.DMA1_Channel3_IRQHandler  stm32f1xx_it.o
    0x08000b44   0x08000b44   0x0000000c   Code   RO          164    .text.DMA1_Channel6_IRQHandler  stm32f1xx_it.o
    0x08000b50   0x08000b50   0x00000002   Code   RO          154    .text.DebugMon_Handler  stm32f1xx_it.o
    0x08000b52   0x08000b52   0x00000002   PAD
    0x08000b54   0x08000b54   0x00000006   Code   RO          166    .text.EXTI9_5_IRQHandler  stm32f1xx_it.o
    0x08000b5a   0x08000b5a   0x00000002   PAD
    0x08000b5c   0x08000b5c   0x0000000a   Code   RO           15    .text.Error_Handler  main.o
    0x08000b66   0x08000b66   0x00000002   PAD
    0x08000b68   0x08000b68   0x00000176   Code   RO          266    .text.HAL_ADC_ConfigChannel  stm32f1xx_hal_adc.o
    0x08000cde   0x08000cde   0x00000002   PAD
    0x08000ce0   0x08000ce0   0x00000158   Code   RO          220    .text.HAL_ADC_Init  stm32f1xx_hal_adc.o
    0x08000e38   0x08000e38   0x00000066   Code   RO           37    .text.HAL_ADC_MspInit  adc.o
    0x08000e9e   0x08000e9e   0x00000002   PAD
    0x08000ea0   0x08000ea0   0x00000046   Code   RO          460    .text.HAL_DMA_Abort  stm32f1xx_hal_dma.o
    0x08000ee6   0x08000ee6   0x00000002   PAD
    0x08000ee8   0x08000ee8   0x000000b6   Code   RO          462    .text.HAL_DMA_Abort_IT  stm32f1xx_hal_dma.o
    0x08000f9e   0x08000f9e   0x00000002   PAD
    0x08000fa0   0x08000fa0   0x00000006   Code   RO          472    .text.HAL_DMA_GetState  stm32f1xx_hal_dma.o
    0x08000fa6   0x08000fa6   0x00000002   PAD
    0x08000fa8   0x08000fa8   0x000001a0   Code   RO          466    .text.HAL_DMA_IRQHandler  stm32f1xx_hal_dma.o
    0x08001148   0x08001148   0x00000084   Code   RO          452    .text.HAL_DMA_Init  stm32f1xx_hal_dma.o
    0x080011cc   0x080011cc   0x00000028   Code   RO          336    .text.HAL_Delay     stm32f1xx_hal.o
    0x080011f4   0x080011f4   0x00000002   Code   RO          442    .text.HAL_GPIO_EXTI_Callback  stm32f1xx_hal_gpio.o
    0x080011f6   0x080011f6   0x00000002   PAD
    0x080011f8   0x080011f8   0x00000016   Code   RO          440    .text.HAL_GPIO_EXTI_IRQHandler  stm32f1xx_hal_gpio.o
    0x0800120e   0x0800120e   0x00000002   PAD
    0x08001210   0x08001210   0x0000020e   Code   RO          428    .text.HAL_GPIO_Init  stm32f1xx_hal_gpio.o
    0x0800141e   0x0800141e   0x00000002   PAD
    0x08001420   0x08001420   0x0000000a   Code   RO          432    .text.HAL_GPIO_ReadPin  stm32f1xx_hal_gpio.o
    0x0800142a   0x0800142a   0x00000002   PAD
    0x0800142c   0x0800142c   0x0000000a   Code   RO          434    .text.HAL_GPIO_WritePin  stm32f1xx_hal_gpio.o
    0x08001436   0x08001436   0x00000002   PAD
    0x08001438   0x08001438   0x0000000c   Code   RO          328    .text.HAL_GetTick   stm32f1xx_hal.o
    0x08001444   0x08001444   0x00000002   Code   RO          769    .text.HAL_I2C_AbortCpltCallback  stm32f1xx_hal_i2c.o
    0x08001446   0x08001446   0x00000002   PAD
    0x08001448   0x08001448   0x00000002   Code   RO          759    .text.HAL_I2C_AddrCallback  stm32f1xx_hal_i2c.o
    0x0800144a   0x0800144a   0x00000002   PAD
    0x0800144c   0x0800144c   0x00000154   Code   RO          749    .text.HAL_I2C_ER_IRQHandler  stm32f1xx_hal_i2c.o
    0x080015a0   0x080015a0   0x00000646   Code   RO          737    .text.HAL_I2C_EV_IRQHandler  stm32f1xx_hal_i2c.o
    0x08001be6   0x08001be6   0x00000002   PAD
    0x08001be8   0x08001be8   0x00000002   Code   RO          767    .text.HAL_I2C_ErrorCallback  stm32f1xx_hal_i2c.o
    0x08001bea   0x08001bea   0x00000002   PAD
    0x08001bec   0x08001bec   0x00000164   Code   RO          649    .text.HAL_I2C_Init  stm32f1xx_hal_i2c.o
    0x08001d50   0x08001d50   0x00000002   Code   RO          761    .text.HAL_I2C_ListenCpltCallback  stm32f1xx_hal_i2c.o
    0x08001d52   0x08001d52   0x00000002   PAD
    0x08001d54   0x08001d54   0x00000002   Code   RO          753    .text.HAL_I2C_MasterRxCpltCallback  stm32f1xx_hal_i2c.o
    0x08001d56   0x08001d56   0x00000002   PAD
    0x08001d58   0x08001d58   0x00000002   Code   RO          751    .text.HAL_I2C_MasterTxCpltCallback  stm32f1xx_hal_i2c.o
    0x08001d5a   0x08001d5a   0x00000002   PAD
    0x08001d5c   0x08001d5c   0x00000002   Code   RO          765    .text.HAL_I2C_MemRxCpltCallback  stm32f1xx_hal_i2c.o
    0x08001d5e   0x08001d5e   0x00000002   PAD
    0x08001d60   0x08001d60   0x00000002   Code   RO          763    .text.HAL_I2C_MemTxCpltCallback  stm32f1xx_hal_i2c.o
    0x08001d62   0x08001d62   0x00000002   PAD
    0x08001d64   0x08001d64   0x000000a2   Code   RO           61    .text.HAL_I2C_MspInit  i2c.o
    0x08001e06   0x08001e06   0x00000002   PAD
    0x08001e08   0x08001e08   0x00000002   Code   RO          757    .text.HAL_I2C_SlaveRxCpltCallback  stm32f1xx_hal_i2c.o
    0x08001e0a   0x08001e0a   0x00000002   PAD
    0x08001e0c   0x08001e0c   0x00000002   Code   RO          755    .text.HAL_I2C_SlaveTxCpltCallback  stm32f1xx_hal_i2c.o
    0x08001e0e   0x08001e0e   0x00000002   PAD
    0x08001e10   0x08001e10   0x0000001a   Code   RO          326    .text.HAL_IncTick   stm32f1xx_hal.o
    0x08001e2a   0x08001e2a   0x00000002   PAD
    0x08001e2c   0x08001e2c   0x00000026   Code   RO          316    .text.HAL_Init      stm32f1xx_hal.o
    0x08001e52   0x08001e52   0x00000002   PAD
    0x08001e54   0x08001e54   0x00000048   Code   RO          318    .text.HAL_InitTick  stm32f1xx_hal.o
    0x08001e9c   0x08001e9c   0x00000042   Code   RO          197    .text.HAL_MspInit   stm32f1xx_hal_msp.o
    0x08001ede   0x08001ede   0x00000002   PAD
    0x08001ee0   0x08001ee0   0x00000022   Code   RO          488    .text.HAL_NVIC_EnableIRQ  stm32f1xx_hal_cortex.o
    0x08001f02   0x08001f02   0x00000002   PAD
    0x08001f04   0x08001f04   0x00000056   Code   RO          486    .text.HAL_NVIC_SetPriority  stm32f1xx_hal_cortex.o
    0x08001f5a   0x08001f5a   0x00000002   PAD
    0x08001f5c   0x08001f5c   0x00000020   Code   RO          484    .text.HAL_NVIC_SetPriorityGrouping  stm32f1xx_hal_cortex.o
    0x08001f7c   0x08001f7c   0x0000000c   Code   RO          526    .text.HAL_PWR_EnableBkUpAccess  stm32f1xx_hal_pwr.o
    0x08001f88   0x08001f88   0x000000f8   Code   RO          418    .text.HAL_RCCEx_GetPeriphCLKFreq  stm32f1xx_hal_rcc_ex.o
    0x08002080   0x08002080   0x00000102   Code   RO          414    .text.HAL_RCCEx_PeriphCLKConfig  stm32f1xx_hal_rcc_ex.o
    0x08002182   0x08002182   0x00000002   PAD
    0x08002184   0x08002184   0x000001ba   Code   RO          380    .text.HAL_RCC_ClockConfig  stm32f1xx_hal_rcc.o
    0x0800233e   0x0800233e   0x00000002   PAD
    0x08002340   0x08002340   0x00000026   Code   RO          392    .text.HAL_RCC_GetPCLK1Freq  stm32f1xx_hal_rcc.o
    0x08002366   0x08002366   0x00000002   PAD
    0x08002368   0x08002368   0x00000026   Code   RO          394    .text.HAL_RCC_GetPCLK2Freq  stm32f1xx_hal_rcc.o
    0x0800238e   0x0800238e   0x00000002   PAD
    0x08002390   0x08002390   0x00000400   Code   RO          378    .text.HAL_RCC_OscConfig  stm32f1xx_hal_rcc.o
    0x08002790   0x08002790   0x000000f0   Code   RO          787    .text.HAL_RTC_Init  stm32f1xx_hal_rtc.o
    0x08002880   0x08002880   0x00000046   Code   RO           76    .text.HAL_RTC_MspInit  rtc.o
    0x080028c6   0x080028c6   0x00000002   PAD
    0x080028c8   0x080028c8   0x0000002c   Code   RO          496    .text.HAL_SYSTICK_Config  stm32f1xx_hal_cortex.o
    0x080028f4   0x080028f4   0x00000002   Code   RO         1174    .text.HAL_TIMEx_BreakCallback  stm32f1xx_hal_tim_ex.o
    0x080028f6   0x080028f6   0x00000002   PAD
    0x080028f8   0x080028f8   0x00000002   Code   RO         1170    .text.HAL_TIMEx_CommutCallback  stm32f1xx_hal_tim_ex.o
    0x080028fa   0x080028fa   0x00000002   PAD
    0x080028fc   0x080028fc   0x0000004c   Code   RO         1166    .text.HAL_TIMEx_ConfigBreakDeadTime  stm32f1xx_hal_tim_ex.o
    0x08002948   0x08002948   0x0000007e   Code   RO         1164    .text.HAL_TIMEx_MasterConfigSynchronization  stm32f1xx_hal_tim_ex.o
    0x080029c6   0x080029c6   0x00000002   PAD
    0x080029c8   0x080029c8   0x000000fa   Code   RO          869    .text.HAL_TIM_Base_Init  stm32f1xx_hal_tim.o
    0x08002ac2   0x08002ac2   0x00000002   PAD
    0x08002ac4   0x08002ac4   0x00000074   Code   RO           97    .text.HAL_TIM_Base_MspInit  tim.o
    0x08002b38   0x08002b38   0x000001a0   Code   RO         1049    .text.HAL_TIM_ConfigClockSource  stm32f1xx_hal_tim.o
    0x08002cd8   0x08002cd8   0x0000015a   Code   RO          983    .text.HAL_TIM_Encoder_Init  stm32f1xx_hal_tim.o
    0x08002e32   0x08002e32   0x00000002   PAD
    0x08002e34   0x08002e34   0x000000c2   Code   RO           99    .text.HAL_TIM_Encoder_MspInit  tim.o
    0x08002ef6   0x08002ef6   0x00000002   PAD
    0x08002ef8   0x08002ef8   0x00000002   Code   RO         1005    .text.HAL_TIM_IC_CaptureCallback  stm32f1xx_hal_tim.o
    0x08002efa   0x08002efa   0x00000002   PAD
    0x08002efc   0x08002efc   0x0000014e   Code   RO         1003    .text.HAL_TIM_IRQHandler  stm32f1xx_hal_tim.o
    0x0800304a   0x0800304a   0x00000002   PAD
    0x0800304c   0x0800304c   0x00000002   Code   RO         1007    .text.HAL_TIM_OC_DelayElapsedCallback  stm32f1xx_hal_tim.o
    0x0800304e   0x0800304e   0x00000002   PAD
    0x08003050   0x08003050   0x00000204   Code   RO         1023    .text.HAL_TIM_PWM_ConfigChannel  stm32f1xx_hal_tim.o
    0x08003254   0x08003254   0x000000fa   Code   RO          923    .text.HAL_TIM_PWM_Init  stm32f1xx_hal_tim.o
    0x0800334e   0x0800334e   0x00000002   PAD
    0x08003350   0x08003350   0x00000002   Code   RO          925    .text.HAL_TIM_PWM_MspInit  stm32f1xx_hal_tim.o
    0x08003352   0x08003352   0x00000002   PAD
    0x08003354   0x08003354   0x00000002   Code   RO         1009    .text.HAL_TIM_PWM_PulseFinishedCallback  stm32f1xx_hal_tim.o
    0x08003356   0x08003356   0x00000002   PAD
    0x08003358   0x08003358   0x000000da   Code   RO          931    .text.HAL_TIM_PWM_Start  stm32f1xx_hal_tim.o
    0x08003432   0x08003432   0x00000002   PAD
    0x08003434   0x08003434   0x00000002   Code   RO         1011    .text.HAL_TIM_PeriodElapsedCallback  stm32f1xx_hal_tim.o
    0x08003436   0x08003436   0x00000002   PAD
    0x08003438   0x08003438   0x00000002   Code   RO         1013    .text.HAL_TIM_TriggerCallback  stm32f1xx_hal_tim.o
    0x0800343a   0x0800343a   0x00000002   PAD
    0x0800343c   0x0800343c   0x00000002   Code   RO         1272    .text.HAL_UARTEx_RxEventCallback  stm32f1xx_hal_uart.o
    0x0800343e   0x0800343e   0x00000002   PAD
    0x08003440   0x08003440   0x00000002   Code   RO         1270    .text.HAL_UART_ErrorCallback  stm32f1xx_hal_uart.o
    0x08003442   0x08003442   0x00000002   PAD
    0x08003444   0x08003444   0x00000570   Code   RO         1264    .text.HAL_UART_IRQHandler  stm32f1xx_hal_uart.o
    0x080039b4   0x080039b4   0x000000e2   Code   RO         1188    .text.HAL_UART_Init  stm32f1xx_hal_uart.o
    0x08003a96   0x08003a96   0x00000002   PAD
    0x08003a98   0x08003a98   0x00000212   Code   RO          122    .text.HAL_UART_MspInit  usart.o
    0x08003caa   0x08003caa   0x00000002   PAD
    0x08003cac   0x08003cac   0x00000002   Code   RO         1278    .text.HAL_UART_RxCpltCallback  stm32f1xx_hal_uart.o
    0x08003cae   0x08003cae   0x00000002   PAD
    0x08003cb0   0x08003cb0   0x00000192   Code   RO         1202    .text.HAL_UART_Transmit  stm32f1xx_hal_uart.o
    0x08003e42   0x08003e42   0x00000002   PAD
    0x08003e44   0x08003e44   0x00000002   Code   RO         1274    .text.HAL_UART_TxCpltCallback  stm32f1xx_hal_uart.o
    0x08003e46   0x08003e46   0x00000002   PAD
    0x08003e48   0x08003e48   0x00000002   Code   RO          144    .text.HardFault_Handler  stm32f1xx_it.o
    0x08003e4a   0x08003e4a   0x00000002   PAD
    0x08003e4c   0x08003e4c   0x0000000c   Code   RO          182    .text.I2C1_ER_IRQHandler  stm32f1xx_it.o
    0x08003e58   0x08003e58   0x0000000c   Code   RO          180    .text.I2C1_EV_IRQHandler  stm32f1xx_it.o
    0x08003e64   0x08003e64   0x00000122   Code   RO          723    .text.I2C_DMAAbort  stm32f1xx_hal_i2c.o
    0x08003f86   0x08003f86   0x00000002   PAD
    0x08003f88   0x08003f88   0x0000018c   Code   RO          735    .text.I2C_ITError   stm32f1xx_hal_i2c.o
    0x08004114   0x08004114   0x000000f8   Code   RO          747    .text.I2C_MasterReceive_BTF  stm32f1xx_hal_i2c.o
    0x0800420c   0x0800420c   0x00000146   Code   RO          745    .text.I2C_MasterReceive_RXNE  stm32f1xx_hal_i2c.o
    0x08004352   0x08004352   0x00000002   PAD
    0x08004354   0x08004354   0x00000082   Code   RO          741    .text.I2C_MasterTransmit_BTF  stm32f1xx_hal_i2c.o
    0x080043d6   0x080043d6   0x00000002   PAD
    0x080043d8   0x080043d8   0x000000b2   Code   RO          739    .text.I2C_MasterTransmit_TXE  stm32f1xx_hal_i2c.o
    0x0800448a   0x0800448a   0x00000002   PAD
    0x0800448c   0x0800448c   0x000000be   Code   RO          743    .text.I2C_MemoryTransmit_TXE_BTF  stm32f1xx_hal_i2c.o
    0x0800454a   0x0800454a   0x00000002   PAD
    0x0800454c   0x0800454c   0x00000064   Code   RO         1369    .text.IIC_GPIO_Init  iic.o
    0x080045b0   0x080045b0   0x000001ee   Code   RO         1361    .text.IIC_Read_Byte  iic.o
    0x0800479e   0x0800479e   0x00000002   PAD
    0x080047a0   0x080047a0   0x0000014a   Code   RO         1359    .text.IIC_Send_Byte  iic.o
    0x080048ea   0x080048ea   0x00000002   PAD
    0x080048ec   0x080048ec   0x0000003e   Code   RO         1355    .text.IIC_Start     iic.o
    0x0800492a   0x0800492a   0x00000002   PAD
    0x0800492c   0x0800492c   0x00000032   Code   RO         1357    .text.IIC_Stop      iic.o
    0x0800495e   0x0800495e   0x00000002   PAD
    0x08004960   0x08004960   0x00000046   Code   RO         1367    .text.IIC_Wait_Ack  iic.o
    0x080049a6   0x080049a6   0x00000002   PAD
    0x080049a8   0x080049a8   0x0000003e   Code   RO         1570    .text.MOTOR_ADVANCE  motor.o
    0x080049e6   0x080049e6   0x00000002   PAD
    0x080049e8   0x080049e8   0x00000092   Code   RO         1564    .text.MOTOR_INIT    motor.o
    0x08004a7a   0x08004a7a   0x00000002   PAD
    0x08004a7c   0x08004a7c   0x00000010   Code   RO         1568    .text.MOTOR_SPEEN   motor.o
    0x08004a8c   0x08004a8c   0x00000042   Code   RO         1343    .text.MPU_Get_Accelerometer  mpu6050.o
    0x08004ace   0x08004ace   0x00000002   PAD
    0x08004ad0   0x08004ad0   0x00000042   Code   RO         1341    .text.MPU_Get_Gyroscope  mpu6050.o
    0x08004b12   0x08004b12   0x00000002   PAD
    0x08004b14   0x08004b14   0x00000054   Code   RO         1337    .text.MPU_Get_Temperature  mpu6050.o
    0x08004b68   0x08004b68   0x000000d4   Code   RO         1323    .text.MPU_Init      mpu6050.o
    0x08004c3c   0x08004c3c   0x00000070   Code   RO         1339    .text.MPU_Read_Len  mpu6050.o
    0x08004cac   0x08004cac   0x00000044   Code   RO         1325    .text.MPU_Write_Byte  mpu6050.o
    0x08004cf0   0x08004cf0   0x00000058   Code   RO         1345    .text.MPU_Write_Len  mpu6050.o
    0x08004d48   0x08004d48   0x00000056   Code   RO           35    .text.MX_ADC1_Init  adc.o
    0x08004d9e   0x08004d9e   0x00000002   PAD
    0x08004da0   0x08004da0   0x00000054   Code   RO           50    .text.MX_DMA_Init   dma.o
    0x08004df4   0x08004df4   0x000000ce   Code   RO           26    .text.MX_GPIO_Init  gpio.o
    0x08004ec2   0x08004ec2   0x00000002   PAD
    0x08004ec4   0x08004ec4   0x00000042   Code   RO           59    .text.MX_I2C1_Init  i2c.o
    0x08004f06   0x08004f06   0x00000002   PAD
    0x08004f08   0x08004f08   0x00000030   Code   RO           74    .text.MX_RTC_Init   rtc.o
    0x08004f38   0x08004f38   0x0000015c   Code   RO           89    .text.MX_TIM1_Init  tim.o
    0x08005094   0x08005094   0x00000066   Code   RO           93    .text.MX_TIM3_Init  tim.o
    0x080050fa   0x080050fa   0x00000002   PAD
    0x080050fc   0x080050fc   0x00000066   Code   RO           95    .text.MX_TIM4_Init  tim.o
    0x08005162   0x08005162   0x00000002   PAD
    0x08005164   0x08005164   0x0000003c   Code   RO          116    .text.MX_USART1_UART_Init  usart.o
    0x080051a0   0x080051a0   0x0000003c   Code   RO          118    .text.MX_USART2_UART_Init  usart.o
    0x080051dc   0x080051dc   0x0000003c   Code   RO          120    .text.MX_USART3_UART_Init  usart.o
    0x08005218   0x08005218   0x00000002   Code   RO          146    .text.MemManage_Handler  stm32f1xx_it.o
    0x0800521a   0x0800521a   0x00000002   PAD
    0x0800521c   0x0800521c   0x00000002   Code   RO          142    .text.NMI_Handler   stm32f1xx_it.o
    0x0800521e   0x0800521e   0x00000002   PAD
    0x08005220   0x08005220   0x00000002   Code   RO          156    .text.PendSV_Handler  stm32f1xx_it.o
    0x08005222   0x08005222   0x00000002   PAD
    0x08005224   0x08005224   0x00000002   Code   RO          152    .text.SVC_Handler   stm32f1xx_it.o
    0x08005226   0x08005226   0x00000002   PAD
    0x08005228   0x08005228   0x00000004   Code   RO          158    .text.SysTick_Handler  stm32f1xx_it.o
    0x0800522c   0x0800522c   0x00000002   Code   RO         1308    .text.SystemInit    system_stm32f1xx.o
    0x0800522e   0x0800522e   0x00000002   PAD
    0x08005230   0x08005230   0x0000000c   Code   RO          168    .text.TIM1_BRK_IRQHandler  stm32f1xx_it.o
    0x0800523c   0x0800523c   0x0000000c   Code   RO          174    .text.TIM1_CC_IRQHandler  stm32f1xx_it.o
    0x08005248   0x08005248   0x0000000c   Code   RO          172    .text.TIM1_TRG_COM_IRQHandler  stm32f1xx_it.o
    0x08005254   0x08005254   0x0000000c   Code   RO          170    .text.TIM1_UP_IRQHandler  stm32f1xx_it.o
    0x08005260   0x08005260   0x0000000c   Code   RO          176    .text.TIM3_IRQHandler  stm32f1xx_it.o
    0x0800526c   0x0800526c   0x0000000c   Code   RO          178    .text.TIM4_IRQHandler  stm32f1xx_it.o
    0x08005278   0x08005278   0x0000000c   Code   RO         1268    .text.UART_DMAAbortOnError  stm32f1xx_hal_uart.o
    0x08005284   0x08005284   0x000000fe   Code   RO         1266    .text.UART_Receive_IT  stm32f1xx_hal_uart.o
    0x08005382   0x08005382   0x00000002   PAD
    0x08005384   0x08005384   0x0000000c   Code   RO          184    .text.USART1_IRQHandler  stm32f1xx_it.o
    0x08005390   0x08005390   0x0000000c   Code   RO          186    .text.USART2_IRQHandler  stm32f1xx_it.o
    0x0800539c   0x0800539c   0x0000000c   Code   RO          188    .text.USART3_IRQHandler  stm32f1xx_it.o
    0x080053a8   0x080053a8   0x00000002   Code   RO          150    .text.UsageFault_Handler  stm32f1xx_it.o
    0x080053aa   0x080053aa   0x00000002   PAD
    0x080053ac   0x080053ac   0x000002a0   Code   RO         1528    .text.dmp_enable_feature  inv_mpu_dmp_motion_driver.o
    0x0800564c   0x0800564c   0x00000016   Code   RO         1492    .text.dmp_load_motion_driver_firmware  inv_mpu_dmp_motion_driver.o
    0x08005662   0x08005662   0x00000002   PAD
    0x08005664   0x08005664   0x000001b8   Code   RO         1540    .text.dmp_read_fifo  inv_mpu_dmp_motion_driver.o
    0x0800581c   0x0800581c   0x000000c0   Code   RO         1498    .text.dmp_set_accel_bias  inv_mpu_dmp_motion_driver.o
    0x080058dc   0x080058dc   0x00000070   Code   RO         1500    .text.dmp_set_fifo_rate  inv_mpu_dmp_motion_driver.o
    0x0800594c   0x0800594c   0x000000e0   Code   RO         1496    .text.dmp_set_gyro_bias  inv_mpu_dmp_motion_driver.o
    0x08005a2c   0x08005a2c   0x000000e8   Code   RO         1494    .text.dmp_set_orientation  inv_mpu_dmp_motion_driver.o
    0x08005b14   0x08005b14   0x00000126   Code   RO         1504    .text.dmp_set_tap_thresh  inv_mpu_dmp_motion_driver.o
    0x08005c3a   0x08005c3a   0x00000002   PAD
    0x08005c3c   0x08005c3c   0x00000020   Code   RO          126    .text.fputc         usart.o
    0x08005c5c   0x08005c5c   0x0000032e   Code   RO         1449    .text.get_st_biases  inv_mpu.o
    0x08005f8a   0x08005f8a   0x00000002   PAD
    0x08005f8c   0x08005f8c   0x000000dc   Code   RO         1469    .text.inv_orientation_matrix_to_scalar  inv_mpu.o
    0x08006068   0x08006068   0x000001b0   Code   RO           11    .text.main          main.o
    0x08006218   0x08006218   0x00000002   Code   RO         1407    .text.mget_ms       inv_mpu.o
    0x0800621a   0x0800621a   0x00000002   PAD
    0x0800621c   0x0800621c   0x000000a8   Code   RO         1395    .text.mpu_configure_fifo  inv_mpu.o
    0x080062c4   0x080062c4   0x000001d8   Code   RO         1475    .text.mpu_dmp_get_data  inv_mpu.o
    0x0800649c   0x0800649c   0x000000fe   Code   RO         1473    .text.mpu_dmp_init  inv_mpu.o
    0x0800659a   0x0800659a   0x00000002   PAD
    0x0800659c   0x0800659c   0x00000036   Code   RO         1419    .text.mpu_get_accel_fsr  inv_mpu.o
    0x080065d2   0x080065d2   0x00000002   PAD
    0x080065d4   0x080065d4   0x00000040   Code   RO         1431    .text.mpu_get_accel_sens  inv_mpu.o
    0x08006614   0x08006614   0x000001c4   Code   RO         1385    .text.mpu_init      inv_mpu.o
    0x080067d8   0x080067d8   0x00000142   Code   RO         1455    .text.mpu_load_firmware  inv_mpu.o
    0x0800691a   0x0800691a   0x00000002   PAD
    0x0800691c   0x0800691c   0x00000230   Code   RO         1401    .text.mpu_lp_accel_mode  inv_mpu.o
    0x08006b4c   0x08006b4c   0x000000be   Code   RO         1441    .text.mpu_read_fifo_stream  inv_mpu.o
    0x08006c0a   0x08006c0a   0x00000002   PAD
    0x08006c0c   0x08006c0c   0x0000017a   Code   RO         1415    .text.mpu_reset_fifo  inv_mpu.o
    0x08006d86   0x08006d86   0x00000002   PAD
    0x08006d88   0x08006d88   0x00000928   Code   RO         1445    .text.mpu_run_self_test  inv_mpu.o
    0x080076b0   0x080076b0   0x00000096   Code   RO         1389    .text.mpu_set_accel_fsr  inv_mpu.o
    0x08007746   0x08007746   0x00000002   PAD
    0x08007748   0x08007748   0x000000ee   Code   RO         1397    .text.mpu_set_bypass  inv_mpu.o
    0x08007836   0x08007836   0x00000002   PAD
    0x08007838   0x08007838   0x000000e0   Code   RO         1447    .text.mpu_set_dmp_state  inv_mpu.o
    0x08007918   0x08007918   0x0000009c   Code   RO         1391    .text.mpu_set_lpf   inv_mpu.o
    0x080079b4   0x080079b4   0x00000148   Code   RO         1393    .text.mpu_set_sample_rate  inv_mpu.o
    0x08007afc   0x08007afc   0x000000e6   Code   RO         1399    .text.mpu_set_sensors  inv_mpu.o
    0x08007be2   0x08007be2   0x00000002   PAD
    0x08007be4   0x08007be4   0x00000080   Code   RO         1451    .text.mpu_write_mem  inv_mpu.o
    0x08007c64   0x08007c64   0x000000f4   Code   RO         1467    .text.run_self_test  inv_mpu.o
    0x08007d58   0x08007d58   0x00000020   Code   RO         1836    i.__0printf         mc_w.l(printfa.o)
    0x08007d78   0x08007d78   0x00000028   Code   RO         1915    i.__ARM_fpclassify  m_ws.l(fpclassify.o)
    0x08007da0   0x08007da0   0x000000aa   Code   RO         1917    i.__kernel_poly     m_ws.l(poly.o)
    0x08007e4a   0x08007e4a   0x00000006   Code   RO         1902    i.__mathlib_dbl_infnan  m_ws.l(dunder.o)
    0x08007e50   0x08007e50   0x00000004   Code   RO         1903    i.__mathlib_dbl_infnan2  m_ws.l(dunder.o)
    0x08007e54   0x08007e54   0x0000000c   Code   RO         1904    i.__mathlib_dbl_invalid  m_ws.l(dunder.o)
    0x08007e60   0x08007e60   0x00000010   Code   RO         1907    i.__mathlib_dbl_underflow  m_ws.l(dunder.o)
    0x08007e70   0x08007e70   0x0000000e   Code   RO         1984    i.__scatterload_copy  mc_w.l(handlers.o)
    0x08007e7e   0x08007e7e   0x00000002   Code   RO         1985    i.__scatterload_null  mc_w.l(handlers.o)
    0x08007e80   0x08007e80   0x0000000e   Code   RO         1986    i.__scatterload_zeroinit  mc_w.l(handlers.o)
    0x08007e8e   0x08007e8e   0x00000002   PAD
    0x08007e90   0x08007e90   0x0000000c   Code   RO         1958    i.__set_errno       mc_w.l(errno.o)
    0x08007e9c   0x08007e9c   0x00000184   Code   RO         1843    i._fp_digits        mc_w.l(printfa.o)
    0x08008020   0x08008020   0x000006dc   Code   RO         1844    i._printf_core      mc_w.l(printfa.o)
    0x080086fc   0x080086fc   0x00000024   Code   RO         1845    i._printf_post_padding  mc_w.l(printfa.o)
    0x08008720   0x08008720   0x0000002e   Code   RO         1846    i._printf_pre_padding  mc_w.l(printfa.o)
    0x0800874e   0x0800874e   0x00000002   PAD
    0x08008750   0x08008750   0x00000270   Code   RO         1582    i.asin              m_ws.l(asin.o)
    0x080089c0   0x080089c0   0x00000220   Code   RO         1897    i.atan              m_ws.l(atan.o)
    0x08008be0   0x08008be0   0x0000019c   Code   RO         1587    i.atan2             m_ws.l(atan2.o)
    0x08008d7c   0x08008d7c   0x00000024   Code   RO         1593    i.puts              mc_w.l(puts.o)
    0x08008da0   0x08008da0   0x0000004c   Code   RO         1921    i.sqrt              m_ws.l(sqrt.o)
    0x08008dec   0x08008dec   0x00000004   PAD
    0x08008df0   0x08008df0   0x00000050   Data   RO         1583    .constdata          m_ws.l(asin.o)
    0x08008e40   0x08008e40   0x00000098   Data   RO         1898    .constdata          m_ws.l(atan.o)
    0x08008ed8   0x08008ed8   0x00000008   Data   RO         1919    .constdata          m_ws.l(qnan.o)
    0x08008ee0   0x08008ee0   0x00000003   Data   RO         1548    .rodata..L__const.dmp_set_orientation.accel_axes  inv_mpu_dmp_motion_driver.o
    0x08008ee3   0x08008ee3   0x00000003   Data   RO         1547    .rodata..L__const.dmp_set_orientation.gyro_axes  inv_mpu_dmp_motion_driver.o
    0x08008ee6   0x08008ee6   0x00000010   Data   RO         1313    .rodata.AHBPrescTable  system_stm32f1xx.o
    0x08008ef6   0x08008ef6   0x00000008   Data   RO         1314    .rodata.APBPrescTable  system_stm32f1xx.o
    0x08008efe   0x08008efe   0x00000002   Data   RO          405    .rodata.HAL_RCC_GetSysClockFreq.aPredivFactorTable  stm32f1xx_hal_rcc.o
    0x08008f00   0x08008f00   0x00000010   Data   RO          404    .rodata.cst16       stm32f1xx_hal_rcc.o
    0x08008f10   0x08008f10   0x00000008   Data   RO         1481    .rodata.cst8        inv_mpu.o
    0x08008f18   0x08008f18   0x00000bf6   Data   RO         1546    .rodata.dmp_memory  inv_mpu_dmp_motion_driver.o
    0x08009b0e   0x08009b0e   0x0000000c   Data   RO         1478    .rodata.hw          inv_mpu.o
    0x08009b1a   0x08009b1a   0x0000001b   Data   RO         1477    .rodata.reg         inv_mpu.o
    0x08009b35   0x08009b35   0x0000004c   Data   RO         1480    .rodata.str1.1      inv_mpu.o
    0x08009b81   0x08009b81   0x00000003   PAD
    0x08009b84   0x08009b84   0x00000028   Data   RO         1479    .rodata.test        inv_mpu.o
    0x08009bac   0x08009bac   0x00000020   Data   RO         1983    Region$$Table       anon$$obj.o


    Execution Region RW_IRAM1 (Exec base: 0x20000000, Load base: 0x08009bd0, Size: 0x00000780, Max: 0x00005000, ABSOLUTE)

    Exec Addr    Load Addr    Size         Type   Attr      Idx    E Section Name        Object

    0x20000000   0x08009bd0   0x00000004   Data   RW         1938    .data               mc_w.l(stdout.o)
    0x20000004   0x08009bd4   0x00000004   Data   RW         1959    .data               mc_w.l(errno.o)
    0x20000008   0x08009bd8   0x00000008   Data   RW          367    .data..L_MergedGlobals  stm32f1xx_hal.o
    0x20000010   0x08009be0   0x00000038   Data   RW         1483    .data..L_MergedGlobals  inv_mpu.o
    0x20000048   0x08009c18   0x00000004   Data   RW         1312    .data.SystemCoreClock  system_stm32f1xx.o
    0x2000004c   0x08009c1c   0x00000004   PAD
    0x20000050        -       0x00000010   Zero   RW         1555    .bss..L_MergedGlobals  inv_mpu_dmp_motion_driver.o
    0x20000060        -       0x00000002   Zero   RW         1549    .bss.dmp.2          inv_mpu_dmp_motion_driver.o
    0x20000062   0x08009c1c   0x00000002   PAD
    0x20000064        -       0x00000002   Zero   RW         1550    .bss.dmp.4          inv_mpu_dmp_motion_driver.o
    0x20000066   0x08009c1c   0x00000002   PAD
    0x20000068        -       0x00000030   Zero   RW           41    .bss.hadc1          adc.o
    0x20000098        -       0x00000044   Zero   RW          131    .bss.hdma_usart2_rx  usart.o
    0x200000dc        -       0x00000044   Zero   RW          133    .bss.hdma_usart3_rx  usart.o
    0x20000120        -       0x00000044   Zero   RW          132    .bss.hdma_usart3_tx  usart.o
    0x20000164        -       0x00000054   Zero   RW           65    .bss.hi2c1          i2c.o
    0x200001b8        -       0x00000014   Zero   RW           80    .bss.hrtc           rtc.o
    0x200001cc        -       0x00000048   Zero   RW          105    .bss.htim1          tim.o
    0x20000214        -       0x00000048   Zero   RW          106    .bss.htim3          tim.o
    0x2000025c        -       0x00000048   Zero   RW          107    .bss.htim4          tim.o
    0x200002a4        -       0x00000048   Zero   RW          128    .bss.huart1         usart.o
    0x200002ec        -       0x00000048   Zero   RW          129    .bss.huart2         usart.o
    0x20000334        -       0x00000048   Zero   RW          130    .bss.huart3         usart.o
    0x2000037c        -       0x00000004   Zero   RW          366    .bss.uwTick         stm32f1xx_hal.o
    0x20000380        -       0x00000400   Zero   RW            1    STACK               startup_stm32f103xb.o


==============================================================================

Image component sizes


      Code (inc. data)   RO Data    RW Data    ZI Data      Debug   Object Name

       188          0          0          0         48       4109   adc.o
        84          0          0          0          0       2154   dma.o
       206          0          0          0          0       2603   gpio.o
       228          0          0          0         84       5888   i2c.o
      1106          0          0          0          0       4208   iic.o
      7992        170        163         56          0      31616   inv_mpu.o
      2188          8       3068          0         20      11478   inv_mpu_dmp_motion_driver.o
       442         88          0          0          0       3736   main.o
       224          0          0          0          0       3040   motor.o
       696         16          0          0          0       4983   mpu6050.o
       118          0          0          0         20       2465   rtc.o
        36          8        236          0       1024        772   startup_stm32f103xb.o
       188          0          0          8          4       5737   stm32f1xx_hal.o
       718          0          0          0          0      13646   stm32f1xx_hal_adc.o
       196          0          0          0          0       8391   stm32f1xx_hal_cortex.o
       806          0          0          0          0       8258   stm32f1xx_hal_dma.o
       570         22          0          0          0       4665   stm32f1xx_hal_gpio.o
      4080         16          0          0          0      44963   stm32f1xx_hal_i2c.o
        66          0          0          0          0       1176   stm32f1xx_hal_msp.o
        12          0          0          0          0       4188   stm32f1xx_hal_pwr.o
      1542          0         18          0          0       7925   stm32f1xx_hal_rcc.o
       506         20          0          0          0       3615   stm32f1xx_hal_rcc_ex.o
       240          0          0          0          0      19550   stm32f1xx_hal_rtc.o
      2342          6          0          0          0      57644   stm32f1xx_hal_tim.o
       206          0          0          0          0      20886   stm32f1xx_hal_tim_ex.o
      2294          0          0          0          0      32597   stm32f1xx_hal_uart.o
       194          0          0          0          0       8226   stm32f1xx_it.o
         2          0         24          4          0       1565   system_stm32f1xx.o
       862          0          0          0        216       9768   tim.o
       742          0          0          0        420       6846   usart.o

    ----------------------------------------------------------------------
     29268        354       3544         68       1844     336698   Object Totals
         0          0         32          0          0          0   (incl. Generated)
       194          0          3          0          8          0   (incl. Padding)

    ----------------------------------------------------------------------

      Code (inc. data)   RO Data    RW Data    ZI Data      Debug   Library Member Name

       624         52         80          0          0        168   asin.o
       544         70        152          0          0        124   atan.o
       412         38          0          0          0        144   atan2.o
        38          6          0          0          0        272   dunder.o
        40          0          0          0          0         68   fpclassify.o
       170          0          0          0          0         96   poly.o
         0          0          8          0          0          0   qnan.o
        76          0          0          0          0         84   sqrt.o
         0          0          0          0          0          0   entry.o
         0          0          0          0          0          0   entry10a.o
         0          0          0          0          0          0   entry11a.o
         8          4          0          0          0          0   entry2.o
         4          0          0          0          0          0   entry5.o
         0          0          0          0          0          0   entry7b.o
         0          0          0          0          0          0   entry8b.o
         8          4          0          0          0          0   entry9a.o
        12          6          0          4          0         68   errno.o
        30          0          0          0          0          0   handlers.o
        48         10          0          0          0         68   init.o
         0          0          0          0          0          0   iusefp.o
        98          0          0          0          0         84   ldiv.o
        30          0          0          0          0         68   llshl.o
        36          0          0          0          0         68   llsshr.o
        32          0          0          0          0         68   llushr.o
        26          0          0          0          0         80   memcmp.o
      2258         90          0          0          0        452   printfa.o
        36          6          0          0          0         80   puts.o
         0          0          0          4          0          0   stdout.o
        44          0          0          0          0         80   uidiv.o
        98          0          0          0          0         92   uldiv.o
        48          0          0          0          0         68   cdcmple.o
        48          0          0          0          0         68   cdrcmple.o
        56          0          0          0          0         88   d2f.o
       334          0          0          0          0        148   dadd.o
       222          0          0          0          0        100   ddiv.o
       186          0          0          0          0        176   depilogue.o
        48          0          0          0          0         68   dfixul.o
        34          0          0          0          0         76   dflti.o
       228          0          0          0          0         96   dmul.o
        46          0          0          0          0         80   dscalb.o
       162          0          0          0          0        100   dsqrt.o
        38          0          0          0          0         68   f2d.o
       176          0          0          0          0        140   fadd.o
        28          0          0          0          0         68   fcmpeq.o
        28          0          0          0          0         68   fcmpgt.o
        28          0          0          0          0         68   fcmple.o
        28          0          0          0          0         68   fcmplt.o
       124          0          0          0          0         88   fdiv.o
       110          0          0          0          0        168   fepilogue.o
        50          0          0          0          0         68   ffixi.o
        18          0          0          0          0         68   fflti.o
        10          0          0          0          0         68   ffltui.o
       100          0          0          0          0         76   fmul.o

    ----------------------------------------------------------------------
      6832        286        240          8          0       4248   Library Totals
        10          0          0          0          0          0   (incl. Padding)

    ----------------------------------------------------------------------

      Code (inc. data)   RO Data    RW Data    ZI Data      Debug   Library Name

      1904        166        240          0          0        956   m_ws.l
      2768        120          0          8          0       1208   mc_w.l
      2150          0          0          0          0       2084   mf_w.l

    ----------------------------------------------------------------------
      6832        286        240          8          0       4248   Library Totals

    ----------------------------------------------------------------------

==============================================================================


      Code (inc. data)   RO Data    RW Data    ZI Data      Debug   

     36100        640       3784         76       1844     338198   Grand Totals
     36100        640       3784         76       1844     338198   ELF Image Totals
     36100        640       3784         76          0          0   ROM Totals

==============================================================================

    Total RO  Size (Code + RO Data)                39884 (  38.95kB)
    Total RW  Size (RW Data + ZI Data)              1920 (   1.88kB)
    Total ROM Size (Code + RO Data + RW Data)      39960 (  39.02kB)

==============================================================================

